// Validating benchmarks:
// ***** BenchmarkRunner: Start   *****
// ***** Found 14 benchmark(s) in total *****
// ***** Building 1 exe(s) in Parallel: Start   *****
// ***** Done, took 00:00:00 (0.03 sec)   *****
// Found 12 benchmarks:
//   FollowerLeases.PerPage: Dry(Toolchain=InProcessEmitToolchain, IterationCount=1, LaunchCount=1, RunStrategy=ColdStart, UnrollFactor=1, WarmupCount=1) [PageSize=1, ConsumerDelayMilliseconds=0]
//   FollowerLeases.PersistentPrototype: Dry(Toolchain=InProcessEmitToolchain, IterationCount=1, LaunchCount=1, RunStrategy=ColdStart, UnrollFactor=1, WarmupCount=1) [PageSize=1, ConsumerDelayMilliseconds=0]
//   FollowerLeases.PerPage: Dry(Toolchain=InProcessEmitToolchain, IterationCount=1, LaunchCount=1, RunStrategy=ColdStart, UnrollFactor=1, WarmupCount=1) [PageSize=1, ConsumerDelayMilliseconds=1]
//   FollowerLeases.PersistentPrototype: Dry(Toolchain=InProcessEmitToolchain, IterationCount=1, LaunchCount=1, RunStrategy=ColdStart, UnrollFactor=1, WarmupCount=1) [PageSize=1, ConsumerDelayMilliseconds=1]
//   FollowerLeases.PerPage: Dry(Toolchain=InProcessEmitToolchain, IterationCount=1, LaunchCount=1, RunStrategy=ColdStart, UnrollFactor=1, WarmupCount=1) [PageSize=8, ConsumerDelayMilliseconds=0]
//   FollowerLeases.PersistentPrototype: Dry(Toolchain=InProcessEmitToolchain, IterationCount=1, LaunchCount=1, RunStrategy=ColdStart, UnrollFactor=1, WarmupCount=1) [PageSize=8, ConsumerDelayMilliseconds=0]
//   FollowerLeases.PerPage: Dry(Toolchain=InProcessEmitToolchain, IterationCount=1, LaunchCount=1, RunStrategy=ColdStart, UnrollFactor=1, WarmupCount=1) [PageSize=8, ConsumerDelayMilliseconds=1]
//   FollowerLeases.PersistentPrototype: Dry(Toolchain=InProcessEmitToolchain, IterationCount=1, LaunchCount=1, RunStrategy=ColdStart, UnrollFactor=1, WarmupCount=1) [PageSize=8, ConsumerDelayMilliseconds=1]
//   FollowerLeases.PerPage: Dry(Toolchain=InProcessEmitToolchain, IterationCount=1, LaunchCount=1, RunStrategy=ColdStart, UnrollFactor=1, WarmupCount=1) [PageSize=64, ConsumerDelayMilliseconds=0]
//   FollowerLeases.PersistentPrototype: Dry(Toolchain=InProcessEmitToolchain, IterationCount=1, LaunchCount=1, RunStrategy=ColdStart, UnrollFactor=1, WarmupCount=1) [PageSize=64, ConsumerDelayMilliseconds=0]
//   FollowerLeases.PerPage: Dry(Toolchain=InProcessEmitToolchain, IterationCount=1, LaunchCount=1, RunStrategy=ColdStart, UnrollFactor=1, WarmupCount=1) [PageSize=64, ConsumerDelayMilliseconds=1]
//   FollowerLeases.PersistentPrototype: Dry(Toolchain=InProcessEmitToolchain, IterationCount=1, LaunchCount=1, RunStrategy=ColdStart, UnrollFactor=1, WarmupCount=1) [PageSize=64, ConsumerDelayMilliseconds=1]

Setup power plan (GUID: 8c5e7fda-e8bf-4a96-9a85-a6e23a8c635c FriendlyName: High performance)
// **************************
// Benchmark: FollowerLeases.PerPage: Dry(Toolchain=InProcessEmitToolchain, IterationCount=1, LaunchCount=1, RunStrategy=ColdStart, UnrollFactor=1, WarmupCount=1) [PageSize=1, ConsumerDelayMilliseconds=0]
// *** Execute ***
// Launch: 1 / 1

// Benchmark Process Environment Information:
// BenchmarkDotNet v0.15.8
// Runtime=.NET 10.0.12 (10.0.12, 10.0.1226.42308), X64 RyuJIT x86-64-v3
// GC=Concurrent Workstation
// HardwareIntrinsics=AVX2+BMI1+BMI2+F16C+FMA+LZCNT+MOVBE,AVX,SSE3+SSSE3+SSE4.1+SSE4.2+POPCNT,X86Base+SSE+SSE2,AES+PCLMUL,AvxVnni,SERIALIZE VectorSize=256
// Job: Job-ZLOTRF(Toolchain=InProcessEmitToolchain, IterationCount=1, LaunchCount=1, RunStrategy=ColdStart, UnrollFactor=1, WarmupCount=1)

WorkloadActual   1: 1 op, 30933800.00 ns, 30.9338 ms/op

WorkloadResult   1: 1 op, 30933800.00 ns, 30.9338 ms/op
// GC:  0 0 0 212112 1
// Threading:  74 0 1


Mean = 30.934 ms, StdErr = 0.000 ms (0.00%), N = 1, StdDev = 0.000 ms
Min = 30.934 ms, Q1 = 30.934 ms, Median = 30.934 ms, Q3 = 30.934 ms, Max = 30.934 ms
IQR = 0.000 ms, LowerFence = 30.934 ms, UpperFence = 30.934 ms
ConfidenceInterval = [NaN ms; NaN ms] (CI 99.9%), Margin = NaN ms (NaN% of Mean)
Skewness = NaN, Kurtosis = NaN, MValue = 2

// ** Remained 13 (92.9%) benchmark(s) to run. Estimated finish 2026-10-06 15:52 (0h 0m from now) **
Setup power plan (GUID: 8c5e7fda-e8bf-4a96-9a85-a6e23a8c635c FriendlyName: High performance)
// **************************
// Benchmark: FollowerLeases.PersistentPrototype: Dry(Toolchain=InProcessEmitToolchain, IterationCount=1, LaunchCount=1, RunStrategy=ColdStart, UnrollFactor=1, WarmupCount=1) [PageSize=1, ConsumerDelayMilliseconds=0]
// *** Execute ***
// Launch: 1 / 1

// Benchmark Process Environment Information:
// BenchmarkDotNet v0.15.8
// Runtime=.NET 10.0.12 (10.0.12, 10.0.1226.42308), X64 RyuJIT x86-64-v3
// GC=Concurrent Workstation
// HardwareIntrinsics=AVX2+BMI1+BMI2+F16C+FMA+LZCNT+MOVBE,AVX,SSE3+SSSE3+SSE4.1+SSE4.2+POPCNT,X86Base+SSE+SSE2,AES+PCLMUL,AvxVnni,SERIALIZE VectorSize=256
// Job: Job-ZLOTRF(Toolchain=InProcessEmitToolchain, IterationCount=1, LaunchCount=1, RunStrategy=ColdStart, UnrollFactor=1, WarmupCount=1)

WorkloadActual   1: 1 op, 23820500.00 ns, 23.8205 ms/op

WorkloadResult   1: 1 op, 23820500.00 ns, 23.8205 ms/op
// GC:  0 0 0 211320 1
// Threading:  73 0 1


Mean = 23.820 ms, StdErr = 0.000 ms (0.00%), N = 1, StdDev = 0.000 ms
Min = 23.820 ms, Q1 = 23.820 ms, Median = 23.820 ms, Q3 = 23.820 ms, Max = 23.820 ms
IQR = 0.000 ms, LowerFence = 23.820 ms, UpperFence = 23.820 ms
ConfidenceInterval = [NaN ms; NaN ms] (CI 99.9%), Margin = NaN ms (NaN% of Mean)
Skewness = NaN, Kurtosis = NaN, MValue = 2

// ** Remained 12 (85.7%) benchmark(s) to run. Estimated finish 2026-10-06 15:52 (0h 0m from now) **
Setup power plan (GUID: 8c5e7fda-e8bf-4a96-9a85-a6e23a8c635c FriendlyName: High performance)
// **************************
// Benchmark: FollowerLeases.PerPage: Dry(Toolchain=InProcessEmitToolchain, IterationCount=1, LaunchCount=1, RunStrategy=ColdStart, UnrollFactor=1, WarmupCount=1) [PageSize=1, ConsumerDelayMilliseconds=1]
// *** Execute ***
// Launch: 1 / 1

// Benchmark Process Environment Information:
// BenchmarkDotNet v0.15.8
// Runtime=.NET 10.0.12 (10.0.12, 10.0.1226.42308), X64 RyuJIT x86-64-v3
// GC=Concurrent Workstation
// HardwareIntrinsics=AVX2+BMI1+BMI2+F16C+FMA+LZCNT+MOVBE,AVX,SSE3+SSSE3+SSE4.1+SSE4.2+POPCNT,X86Base+SSE+SSE2,AES+PCLMUL,AvxVnni,SERIALIZE VectorSize=256
// Job: Job-ZLOTRF(Toolchain=InProcessEmitToolchain, IterationCount=1, LaunchCount=1, RunStrategy=ColdStart, UnrollFactor=1, WarmupCount=1)

WorkloadActual   1: 1 op, 990086600.00 ns, 990.0866 ms/op

WorkloadResult   1: 1 op, 990086600.00 ns, 990.0866 ms/op
// GC:  0 0 0 213960 1
// Threading:  140 0 1


Mean = 990.087 ms, StdErr = 0.000 ms (0.00%), N = 1, StdDev = 0.000 ms
Min = 990.087 ms, Q1 = 990.087 ms, Median = 990.087 ms, Q3 = 990.087 ms, Max = 990.087 ms
IQR = 0.000 ms, LowerFence = 990.087 ms, UpperFence = 990.087 ms
ConfidenceInterval = [NaN ms; NaN ms] (CI 99.9%), Margin = NaN ms (NaN% of Mean)
Skewness = NaN, Kurtosis = NaN, MValue = 2

// ** Remained 11 (78.6%) benchmark(s) to run. Estimated finish 2026-10-06 15:52 (0h 0m from now) **
Setup power plan (GUID: 8c5e7fda-e8bf-4a96-9a85-a6e23a8c635c FriendlyName: High performance)
// **************************
// Benchmark: FollowerLeases.PersistentPrototype: Dry(Toolchain=InProcessEmitToolchain, IterationCount=1, LaunchCount=1, RunStrategy=ColdStart, UnrollFactor=1, WarmupCount=1) [PageSize=1, ConsumerDelayMilliseconds=1]
// *** Execute ***
// Launch: 1 / 1

// Benchmark Process Environment Information:
// BenchmarkDotNet v0.15.8
// Runtime=.NET 10.0.12 (10.0.12, 10.0.1226.42308), X64 RyuJIT x86-64-v3
// GC=Concurrent Workstation
// HardwareIntrinsics=AVX2+BMI1+BMI2+F16C+FMA+LZCNT+MOVBE,AVX,SSE3+SSSE3+SSE4.1+SSE4.2+POPCNT,X86Base+SSE+SSE2,AES+PCLMUL,AvxVnni,SERIALIZE VectorSize=256
// Job: Job-ZLOTRF(Toolchain=InProcessEmitToolchain, IterationCount=1, LaunchCount=1, RunStrategy=ColdStart, UnrollFactor=1, WarmupCount=1)

WorkloadActual   1: 1 op, 980577400.00 ns, 980.5774 ms/op

WorkloadResult   1: 1 op, 980577400.00 ns, 980.5774 ms/op
// GC:  0 0 0 206688 1
// Threading:  138 0 1


Mean = 980.577 ms, StdErr = 0.000 ms (0.00%), N = 1, StdDev = 0.000 ms
Min = 980.577 ms, Q1 = 980.577 ms, Median = 980.577 ms, Q3 = 980.577 ms, Max = 980.577 ms
IQR = 0.000 ms, LowerFence = 980.577 ms, UpperFence = 980.577 ms
ConfidenceInterval = [NaN ms; NaN ms] (CI 99.9%), Margin = NaN ms (NaN% of Mean)
Skewness = NaN, Kurtosis = NaN, MValue = 2

// ** Remained 10 (71.4%) benchmark(s) to run. Estimated finish 2026-10-06 15:52 (0h 0m from now) **
Setup power plan (GUID: 8c5e7fda-e8bf-4a96-9a85-a6e23a8c635c FriendlyName: High performance)
// **************************
// Benchmark: FollowerLeases.PerPage: Dry(Toolchain=InProcessEmitToolchain, IterationCount=1, LaunchCount=1, RunStrategy=ColdStart, UnrollFactor=1, WarmupCount=1) [PageSize=8, ConsumerDelayMilliseconds=0]
// *** Execute ***
// Launch: 1 / 1

// Benchmark Process Environment Information:
// BenchmarkDotNet v0.15.8
// Runtime=.NET 10.0.12 (10.0.12, 10.0.1226.42308), X64 RyuJIT x86-64-v3
// GC=Concurrent Workstation
// HardwareIntrinsics=AVX2+BMI1+BMI2+F16C+FMA+LZCNT+MOVBE,AVX,SSE3+SSSE3+SSE4.1+SSE4.2+POPCNT,X86Base+SSE+SSE2,AES+PCLMUL,AvxVnni,SERIALIZE VectorSize=256
// Job: Job-ZLOTRF(Toolchain=InProcessEmitToolchain, IterationCount=1, LaunchCount=1, RunStrategy=ColdStart, UnrollFactor=1, WarmupCount=1)

WorkloadActual   1: 1 op, 4178200.00 ns, 4.1782 ms/op

WorkloadResult   1: 1 op, 4178200.00 ns, 4.1782 ms/op
// GC:  0 0 0 60192 1
// Threading:  10 0 1


Mean = 4.178 ms, StdErr = 0.000 ms (0.00%), N = 1, StdDev = 0.000 ms
Min = 4.178 ms, Q1 = 4.178 ms, Median = 4.178 ms, Q3 = 4.178 ms, Max = 4.178 ms
IQR = 0.000 ms, LowerFence = 4.178 ms, UpperFence = 4.178 ms
ConfidenceInterval = [NaN ms; NaN ms] (CI 99.9%), Margin = NaN ms (NaN% of Mean)
Skewness = NaN, Kurtosis = NaN, MValue = 2

// ** Remained 9 (64.3%) benchmark(s) to run. Estimated finish 2026-10-06 15:52 (0h 0m from now) **
Setup power plan (GUID: 8c5e7fda-e8bf-4a96-9a85-a6e23a8c635c FriendlyName: High performance)
// **************************
// Benchmark: FollowerLeases.PersistentPrototype: Dry(Toolchain=InProcessEmitToolchain, IterationCount=1, LaunchCount=1, RunStrategy=ColdStart, UnrollFactor=1, WarmupCount=1) [PageSize=8, ConsumerDelayMilliseconds=0]
// *** Execute ***
// Launch: 1 / 1

// Benchmark Process Environment Information:
// BenchmarkDotNet v0.15.8
// Runtime=.NET 10.0.12 (10.0.12, 10.0.1226.42308), X64 RyuJIT x86-64-v3
// GC=Concurrent Workstation
// HardwareIntrinsics=AVX2+BMI1+BMI2+F16C+FMA+LZCNT+MOVBE,AVX,SSE3+SSSE3+SSE4.1+SSE4.2+POPCNT,X86Base+SSE+SSE2,AES+PCLMUL,AvxVnni,SERIALIZE VectorSize=256
// Job: Job-ZLOTRF(Toolchain=InProcessEmitToolchain, IterationCount=1, LaunchCount=1, RunStrategy=ColdStart, UnrollFactor=1, WarmupCount=1)

WorkloadActual   1: 1 op, 3155300.00 ns, 3.1553 ms/op

WorkloadResult   1: 1 op, 3155300.00 ns, 3.1553 ms/op
// GC:  0 0 0 60376 1
// Threading:  10 0 1


Mean = 3.155 ms, StdErr = 0.000 ms (0.00%), N = 1, StdDev = 0.000 ms
Min = 3.155 ms, Q1 = 3.155 ms, Median = 3.155 ms, Q3 = 3.155 ms, Max = 3.155 ms
IQR = 0.000 ms, LowerFence = 3.155 ms, UpperFence = 3.155 ms
ConfidenceInterval = [NaN ms; NaN ms] (CI 99.9%), Margin = NaN ms (NaN% of Mean)
Skewness = NaN, Kurtosis = NaN, MValue = 2

// ** Remained 8 (57.1%) benchmark(s) to run. Estimated finish 2026-10-06 15:52 (0h 0m from now) **
Setup power plan (GUID: 8c5e7fda-e8bf-4a96-9a85-a6e23a8c635c FriendlyName: High performance)
// **************************
// Benchmark: FollowerLeases.PerPage: Dry(Toolchain=InProcessEmitToolchain, IterationCount=1, LaunchCount=1, RunStrategy=ColdStart, UnrollFactor=1, WarmupCount=1) [PageSize=8, ConsumerDelayMilliseconds=1]
// *** Execute ***
// Launch: 1 / 1

// Benchmark Process Environment Information:
// BenchmarkDotNet v0.15.8
// Runtime=.NET 10.0.12 (10.0.12, 10.0.1226.42308), X64 RyuJIT x86-64-v3
// GC=Concurrent Workstation
// HardwareIntrinsics=AVX2+BMI1+BMI2+F16C+FMA+LZCNT+MOVBE,AVX,SSE3+SSSE3+SSE4.1+SSE4.2+POPCNT,X86Base+SSE+SSE2,AES+PCLMUL,AvxVnni,SERIALIZE VectorSize=256
// Job: Job-ZLOTRF(Toolchain=InProcessEmitToolchain, IterationCount=1, LaunchCount=1, RunStrategy=ColdStart, UnrollFactor=1, WarmupCount=1)

WorkloadActual   1: 1 op, 984426300.00 ns, 984.4263 ms/op

WorkloadResult   1: 1 op, 984426300.00 ns, 984.4263 ms/op
// GC:  0 0 0 71496 1
// Threading:  77 0 1


Mean = 984.426 ms, StdErr = 0.000 ms (0.00%), N = 1, StdDev = 0.000 ms
Min = 984.426 ms, Q1 = 984.426 ms, Median = 984.426 ms, Q3 = 984.426 ms, Max = 984.426 ms
IQR = 0.000 ms, LowerFence = 984.426 ms, UpperFence = 984.426 ms
ConfidenceInterval = [NaN ms; NaN ms] (CI 99.9%), Margin = NaN ms (NaN% of Mean)
Skewness = NaN, Kurtosis = NaN, MValue = 2

// ** Remained 7 (50.0%) benchmark(s) to run. Estimated finish 2026-10-06 15:52 (0h 0m from now) **
Setup power plan (GUID: 8c5e7fda-e8bf-4a96-9a85-a6e23a8c635c FriendlyName: High performance)
// **************************
// Benchmark: FollowerLeases.PersistentPrototype: Dry(Toolchain=InProcessEmitToolchain, IterationCount=1, LaunchCount=1, RunStrategy=ColdStart, UnrollFactor=1, WarmupCount=1) [PageSize=8, ConsumerDelayMilliseconds=1]
// *** Execute ***
// Launch: 1 / 1

// Benchmark Process Environment Information:
// BenchmarkDotNet v0.15.8
// Runtime=.NET 10.0.12 (10.0.12, 10.0.1226.42308), X64 RyuJIT x86-64-v3
// GC=Concurrent Workstation
// HardwareIntrinsics=AVX2+BMI1+BMI2+F16C+FMA+LZCNT+MOVBE,AVX,SSE3+SSSE3+SSE4.1+SSE4.2+POPCNT,X86Base+SSE+SSE2,AES+PCLMUL,AvxVnni,SERIALIZE VectorSize=256
// Job: Job-ZLOTRF(Toolchain=InProcessEmitToolchain, IterationCount=1, LaunchCount=1, RunStrategy=ColdStart, UnrollFactor=1, WarmupCount=1)

WorkloadActual   1: 1 op, 992420900.00 ns, 992.4209 ms/op

WorkloadResult   1: 1 op, 992420900.00 ns, 992.4209 ms/op
// GC:  0 0 0 71976 1
// Threading:  80 0 1


Mean = 992.421 ms, StdErr = 0.000 ms (0.00%), N = 1, StdDev = 0.000 ms
Min = 992.421 ms, Q1 = 992.421 ms, Median = 992.421 ms, Q3 = 992.421 ms, Max = 992.421 ms
IQR = 0.000 ms, LowerFence = 992.421 ms, UpperFence = 992.421 ms
ConfidenceInterval = [NaN ms; NaN ms] (CI 99.9%), Margin = NaN ms (NaN% of Mean)
Skewness = NaN, Kurtosis = NaN, MValue = 2

// ** Remained 6 (42.9%) benchmark(s) to run. Estimated finish 2026-10-06 15:52 (0h 0m from now) **
Setup power plan (GUID: 8c5e7fda-e8bf-4a96-9a85-a6e23a8c635c FriendlyName: High performance)
// **************************
// Benchmark: FollowerLeases.PerPage: Dry(Toolchain=InProcessEmitToolchain, IterationCount=1, LaunchCount=1, RunStrategy=ColdStart, UnrollFactor=1, WarmupCount=1) [PageSize=64, ConsumerDelayMilliseconds=0]
// *** Execute ***
// Launch: 1 / 1

// Benchmark Process Environment Information:
// BenchmarkDotNet v0.15.8
// Runtime=.NET 10.0.12 (10.0.12, 10.0.1226.42308), X64 RyuJIT x86-64-v3
// GC=Concurrent Workstation
// HardwareIntrinsics=AVX2+BMI1+BMI2+F16C+FMA+LZCNT+MOVBE,AVX,SSE3+SSSE3+SSE4.1+SSE4.2+POPCNT,X86Base+SSE+SSE2,AES+PCLMUL,AvxVnni,SERIALIZE VectorSize=256
// Job: Job-ZLOTRF(Toolchain=InProcessEmitToolchain, IterationCount=1, LaunchCount=1, RunStrategy=ColdStart, UnrollFactor=1, WarmupCount=1)

WorkloadActual   1: 1 op, 2022300.00 ns, 2.0223 ms/op

WorkloadResult   1: 1 op, 2022300.00 ns, 2.0223 ms/op
// GC:  0 0 0 43232 1
// Threading:  2 0 1


Mean = 2.022 ms, StdErr = 0.000 ms (0.00%), N = 1, StdDev = 0.000 ms
Min = 2.022 ms, Q1 = 2.022 ms, Median = 2.022 ms, Q3 = 2.022 ms, Max = 2.022 ms
IQR = 0.000 ms, LowerFence = 2.022 ms, UpperFence = 2.022 ms
ConfidenceInterval = [NaN ms; NaN ms] (CI 99.9%), Margin = NaN ms (NaN% of Mean)
Skewness = NaN, Kurtosis = NaN, MValue = 2

// ** Remained 5 (35.7%) benchmark(s) to run. Estimated finish 2026-10-06 15:52 (0h 0m from now) **
Setup power plan (GUID: 8c5e7fda-e8bf-4a96-9a85-a6e23a8c635c FriendlyName: High performance)
// **************************
// Benchmark: FollowerLeases.PersistentPrototype: Dry(Toolchain=InProcessEmitToolchain, IterationCount=1, LaunchCount=1, RunStrategy=ColdStart, UnrollFactor=1, WarmupCount=1) [PageSize=64, ConsumerDelayMilliseconds=0]
// *** Execute ***
// Launch: 1 / 1

// Benchmark Process Environment Information:
// BenchmarkDotNet v0.15.8
// Runtime=.NET 10.0.12 (10.0.12, 10.0.1226.42308), X64 RyuJIT x86-64-v3
// GC=Concurrent Workstation
// HardwareIntrinsics=AVX2+BMI1+BMI2+F16C+FMA+LZCNT+MOVBE,AVX,SSE3+SSSE3+SSE4.1+SSE4.2+POPCNT,X86Base+SSE+SSE2,AES+PCLMUL,AvxVnni,SERIALIZE VectorSize=256
// Job: Job-ZLOTRF(Toolchain=InProcessEmitToolchain, IterationCount=1, LaunchCount=1, RunStrategy=ColdStart, UnrollFactor=1, WarmupCount=1)

WorkloadActual   1: 1 op, 1151300.00 ns, 1.1513 ms/op

WorkloadResult   1: 1 op, 1151300.00 ns, 1.1513 ms/op
// GC:  0 0 0 42072 1
// Threading:  2 0 1


Mean = 1.151 ms, StdErr = 0.000 ms (0.00%), N = 1, StdDev = 0.000 ms
Min = 1.151 ms, Q1 = 1.151 ms, Median = 1.151 ms, Q3 = 1.151 ms, Max = 1.151 ms
IQR = 0.000 ms, LowerFence = 1.151 ms, UpperFence = 1.151 ms
ConfidenceInterval = [NaN ms; NaN ms] (CI 99.9%), Margin = NaN ms (NaN% of Mean)
Skewness = NaN, Kurtosis = NaN, MValue = 2

// ** Remained 4 (28.6%) benchmark(s) to run. Estimated finish 2026-10-06 15:52 (0h 0m from now) **
Setup power plan (GUID: 8c5e7fda-e8bf-4a96-9a85-a6e23a8c635c FriendlyName: High performance)
// **************************
// Benchmark: FollowerLeases.PerPage: Dry(Toolchain=InProcessEmitToolchain, IterationCount=1, LaunchCount=1, RunStrategy=ColdStart, UnrollFactor=1, WarmupCount=1) [PageSize=64, ConsumerDelayMilliseconds=1]
// *** Execute ***
// Launch: 1 / 1

// Benchmark Process Environment Information:
// BenchmarkDotNet v0.15.8
// Runtime=.NET 10.0.12 (10.0.12, 10.0.1226.42308), X64 RyuJIT x86-64-v3
// GC=Concurrent Workstation
// HardwareIntrinsics=AVX2+BMI1+BMI2+F16C+FMA+LZCNT+MOVBE,AVX,SSE3+SSSE3+SSE4.1+SSE4.2+POPCNT,X86Base+SSE+SSE2,AES+PCLMUL,AvxVnni,SERIALIZE VectorSize=256
// Job: Job-ZLOTRF(Toolchain=InProcessEmitToolchain, IterationCount=1, LaunchCount=1, RunStrategy=ColdStart, UnrollFactor=1, WarmupCount=1)

WorkloadActual   1: 1 op, 992089500.00 ns, 992.0895 ms/op

WorkloadResult   1: 1 op, 992089500.00 ns, 992.0895 ms/op
// GC:  0 0 0 53824 1
// Threading:  71 0 1


Mean = 992.090 ms, StdErr = 0.000 ms (0.00%), N = 1, StdDev = 0.000 ms
Min = 992.090 ms, Q1 = 992.090 ms, Median = 992.090 ms, Q3 = 992.090 ms, Max = 992.090 ms
IQR = 0.000 ms, LowerFence = 992.090 ms, UpperFence = 992.090 ms
ConfidenceInterval = [NaN ms; NaN ms] (CI 99.9%), Margin = NaN ms (NaN% of Mean)
Skewness = NaN, Kurtosis = NaN, MValue = 2

// ** Remained 3 (21.4%) benchmark(s) to run. Estimated finish 2026-10-06 15:52 (0h 0m from now) **
Setup power plan (GUID: 8c5e7fda-e8bf-4a96-9a85-a6e23a8c635c FriendlyName: High performance)
// **************************
// Benchmark: FollowerLeases.PersistentPrototype: Dry(Toolchain=InProcessEmitToolchain, IterationCount=1, LaunchCount=1, RunStrategy=ColdStart, UnrollFactor=1, WarmupCount=1) [PageSize=64, ConsumerDelayMilliseconds=1]
// *** Execute ***
// Launch: 1 / 1

// Benchmark Process Environment Information:
// BenchmarkDotNet v0.15.8
// Runtime=.NET 10.0.12 (10.0.12, 10.0.1226.42308), X64 RyuJIT x86-64-v3
// GC=Concurrent Workstation
// HardwareIntrinsics=AVX2+BMI1+BMI2+F16C+FMA+LZCNT+MOVBE,AVX,SSE3+SSSE3+SSE4.1+SSE4.2+POPCNT,X86Base+SSE+SSE2,AES+PCLMUL,AvxVnni,SERIALIZE VectorSize=256
// Job: Job-ZLOTRF(Toolchain=InProcessEmitToolchain, IterationCount=1, LaunchCount=1, RunStrategy=ColdStart, UnrollFactor=1, WarmupCount=1)

WorkloadActual   1: 1 op, 986078300.00 ns, 986.0783 ms/op

WorkloadResult   1: 1 op, 986078300.00 ns, 986.0783 ms/op
// GC:  0 0 0 54432 1
// Threading:  72 1 1


Mean = 986.078 ms, StdErr = 0.000 ms (0.00%), N = 1, StdDev = 0.000 ms
Min = 986.078 ms, Q1 = 986.078 ms, Median = 986.078 ms, Q3 = 986.078 ms, Max = 986.078 ms
IQR = 0.000 ms, LowerFence = 986.078 ms, UpperFence = 986.078 ms
ConfidenceInterval = [NaN ms; NaN ms] (CI 99.9%), Margin = NaN ms (NaN% of Mean)
Skewness = NaN, Kurtosis = NaN, MValue = 2

// ** Remained 2 (14.3%) benchmark(s) to run. Estimated finish 2026-10-06 15:52 (0h 0m from now) **
Successfully reverted power plan (GUID: 8c5e7fda-e8bf-4a96-9a85-a6e23a8c635c FriendlyName: High performance)
// ***** BenchmarkRunner: Finish  *****

// * Export *
  dry-final\20261006-155219\FollowerLeases-report.csv
  dry-final\20261006-155219\FollowerLeases-report-github.md
  dry-final\20261006-155219\FollowerLeases-report.html

// * Detailed results *
FollowerLeases.PerPage: Dry(Toolchain=InProcessEmitToolchain, IterationCount=1, LaunchCount=1, RunStrategy=ColdStart, UnrollFactor=1, WarmupCount=1) [PageSize=1, ConsumerDelayMilliseconds=0]
Runtime = ; GC = 
Mean = 30.934 ms, StdErr = 0.000 ms (0.00%), N = 1, StdDev = 0.000 ms
Min = 30.934 ms, Q1 = 30.934 ms, Median = 30.934 ms, Q3 = 30.934 ms, Max = 30.934 ms
IQR = 0.000 ms, LowerFence = 30.934 ms, UpperFence = 30.934 ms
ConfidenceInterval = [NaN ms; NaN ms] (CI 99.9%), Margin = NaN ms (NaN% of Mean)
Skewness = NaN, Kurtosis = NaN, MValue = 2
-------------------- Histogram --------------------
[30.934 ms ; 30.934 ms) | @
---------------------------------------------------

FollowerLeases.PersistentPrototype: Dry(Toolchain=InProcessEmitToolchain, IterationCount=1, LaunchCount=1, RunStrategy=ColdStart, UnrollFactor=1, WarmupCount=1) [PageSize=1, ConsumerDelayMilliseconds=0]
Runtime = ; GC = 
Mean = 23.820 ms, StdErr = 0.000 ms (0.00%), N = 1, StdDev = 0.000 ms
Min = 23.820 ms, Q1 = 23.820 ms, Median = 23.820 ms, Q3 = 23.820 ms, Max = 23.820 ms
IQR = 0.000 ms, LowerFence = 23.820 ms, UpperFence = 23.820 ms
ConfidenceInterval = [NaN ms; NaN ms] (CI 99.9%), Margin = NaN ms (NaN% of Mean)
Skewness = NaN, Kurtosis = NaN, MValue = 2
-------------------- Histogram --------------------
[23.820 ms ; 23.821 ms) | @
---------------------------------------------------

FollowerLeases.PerPage: Dry(Toolchain=InProcessEmitToolchain, IterationCount=1, LaunchCount=1, RunStrategy=ColdStart, UnrollFactor=1, WarmupCount=1) [PageSize=1, ConsumerDelayMilliseconds=1]
Runtime = ; GC = 
Mean = 990.087 ms, StdErr = 0.000 ms (0.00%), N = 1, StdDev = 0.000 ms
Min = 990.087 ms, Q1 = 990.087 ms, Median = 990.087 ms, Q3 = 990.087 ms, Max = 990.087 ms
IQR = 0.000 ms, LowerFence = 990.087 ms, UpperFence = 990.087 ms
ConfidenceInterval = [NaN ms; NaN ms] (CI 99.9%), Margin = NaN ms (NaN% of Mean)
Skewness = NaN, Kurtosis = NaN, MValue = 2
-------------------- Histogram --------------------
[990.087 ms ; 990.087 ms) | @
---------------------------------------------------

FollowerLeases.PersistentPrototype: Dry(Toolchain=InProcessEmitToolchain, IterationCount=1, LaunchCount=1, RunStrategy=ColdStart, UnrollFactor=1, WarmupCount=1) [PageSize=1, ConsumerDelayMilliseconds=1]
Runtime = ; GC = 
Mean = 980.577 ms, StdErr = 0.000 ms (0.00%), N = 1, StdDev = 0.000 ms
Min = 980.577 ms, Q1 = 980.577 ms, Median = 980.577 ms, Q3 = 980.577 ms, Max = 980.577 ms
IQR = 0.000 ms, LowerFence = 980.577 ms, UpperFence = 980.577 ms
ConfidenceInterval = [NaN ms; NaN ms] (CI 99.9%), Margin = NaN ms (NaN% of Mean)
Skewness = NaN, Kurtosis = NaN, MValue = 2
-------------------- Histogram --------------------
[980.577 ms ; 980.577 ms) | @
---------------------------------------------------

FollowerLeases.PerPage: Dry(Toolchain=InProcessEmitToolchain, IterationCount=1, LaunchCount=1, RunStrategy=ColdStart, UnrollFactor=1, WarmupCount=1) [PageSize=8, ConsumerDelayMilliseconds=0]
Runtime = ; GC = 
Mean = 4.178 ms, StdErr = 0.000 ms (0.00%), N = 1, StdDev = 0.000 ms
Min = 4.178 ms, Q1 = 4.178 ms, Median = 4.178 ms, Q3 = 4.178 ms, Max = 4.178 ms
IQR = 0.000 ms, LowerFence = 4.178 ms, UpperFence = 4.178 ms
ConfidenceInterval = [NaN ms; NaN ms] (CI 99.9%), Margin = NaN ms (NaN% of Mean)
Skewness = NaN, Kurtosis = NaN, MValue = 2
-------------------- Histogram --------------------
[4.178 ms ; 4.178 ms) | @
---------------------------------------------------

FollowerLeases.PersistentPrototype: Dry(Toolchain=InProcessEmitToolchain, IterationCount=1, LaunchCount=1, RunStrategy=ColdStart, UnrollFactor=1, WarmupCount=1) [PageSize=8, ConsumerDelayMilliseconds=0]
Runtime = ; GC = 
Mean = 3.155 ms, StdErr = 0.000 ms (0.00%), N = 1, StdDev = 0.000 ms
Min = 3.155 ms, Q1 = 3.155 ms, Median = 3.155 ms, Q3 = 3.155 ms, Max = 3.155 ms
IQR = 0.000 ms, LowerFence = 3.155 ms, UpperFence = 3.155 ms
ConfidenceInterval = [NaN ms; NaN ms] (CI 99.9%), Margin = NaN ms (NaN% of Mean)
Skewness = NaN, Kurtosis = NaN, MValue = 2
-------------------- Histogram --------------------
[3.155 ms ; 3.155 ms) | @
---------------------------------------------------

FollowerLeases.PerPage: Dry(Toolchain=InProcessEmitToolchain, IterationCount=1, LaunchCount=1, RunStrategy=ColdStart, UnrollFactor=1, WarmupCount=1) [PageSize=8, ConsumerDelayMilliseconds=1]
Runtime = ; GC = 
Mean = 984.426 ms, StdErr = 0.000 ms (0.00%), N = 1, StdDev = 0.000 ms
Min = 984.426 ms, Q1 = 984.426 ms, Median = 984.426 ms, Q3 = 984.426 ms, Max = 984.426 ms
IQR = 0.000 ms, LowerFence = 984.426 ms, UpperFence = 984.426 ms
ConfidenceInterval = [NaN ms; NaN ms] (CI 99.9%), Margin = NaN ms (NaN% of Mean)
Skewness = NaN, Kurtosis = NaN, MValue = 2
-------------------- Histogram --------------------
[984.426 ms ; 984.426 ms) | @
---------------------------------------------------

FollowerLeases.PersistentPrototype: Dry(Toolchain=InProcessEmitToolchain, IterationCount=1, LaunchCount=1, RunStrategy=ColdStart, UnrollFactor=1, WarmupCount=1) [PageSize=8, ConsumerDelayMilliseconds=1]
Runtime = ; GC = 
Mean = 992.421 ms, StdErr = 0.000 ms (0.00%), N = 1, StdDev = 0.000 ms
Min = 992.421 ms, Q1 = 992.421 ms, Median = 992.421 ms, Q3 = 992.421 ms, Max = 992.421 ms
IQR = 0.000 ms, LowerFence = 992.421 ms, UpperFence = 992.421 ms
ConfidenceInterval = [NaN ms; NaN ms] (CI 99.9%), Margin = NaN ms (NaN% of Mean)
Skewness = NaN, Kurtosis = NaN, MValue = 2
-------------------- Histogram --------------------
[992.421 ms ; 992.421 ms) | @
---------------------------------------------------

FollowerLeases.PerPage: Dry(Toolchain=InProcessEmitToolchain, IterationCount=1, LaunchCount=1, RunStrategy=ColdStart, UnrollFactor=1, WarmupCount=1) [PageSize=64, ConsumerDelayMilliseconds=0]
Runtime = ; GC = 
Mean = 2.022 ms, StdErr = 0.000 ms (0.00%), N = 1, StdDev = 0.000 ms
Min = 2.022 ms, Q1 = 2.022 ms, Median = 2.022 ms, Q3 = 2.022 ms, Max = 2.022 ms
IQR = 0.000 ms, LowerFence = 2.022 ms, UpperFence = 2.022 ms
ConfidenceInterval = [NaN ms; NaN ms] (CI 99.9%), Margin = NaN ms (NaN% of Mean)
Skewness = NaN, Kurtosis = NaN, MValue = 2
-------------------- Histogram --------------------
[2.022 ms ; 2.022 ms) | @
---------------------------------------------------

FollowerLeases.PersistentPrototype: Dry(Toolchain=InProcessEmitToolchain, IterationCount=1, LaunchCount=1, RunStrategy=ColdStart, UnrollFactor=1, WarmupCount=1) [PageSize=64, ConsumerDelayMilliseconds=0]
Runtime = ; GC = 
Mean = 1.151 ms, StdErr = 0.000 ms (0.00%), N = 1, StdDev = 0.000 ms
Min = 1.151 ms, Q1 = 1.151 ms, Median = 1.151 ms, Q3 = 1.151 ms, Max = 1.151 ms
IQR = 0.000 ms, LowerFence = 1.151 ms, UpperFence = 1.151 ms
ConfidenceInterval = [NaN ms; NaN ms] (CI 99.9%), Margin = NaN ms (NaN% of Mean)
Skewness = NaN, Kurtosis = NaN, MValue = 2
-------------------- Histogram --------------------
[1.151 ms ; 1.151 ms) | @
---------------------------------------------------

FollowerLeases.PerPage: Dry(Toolchain=InProcessEmitToolchain, IterationCount=1, LaunchCount=1, RunStrategy=ColdStart, UnrollFactor=1, WarmupCount=1) [PageSize=64, ConsumerDelayMilliseconds=1]
Runtime = ; GC = 
Mean = 992.090 ms, StdErr = 0.000 ms (0.00%), N = 1, StdDev = 0.000 ms
Min = 992.090 ms, Q1 = 992.090 ms, Median = 992.090 ms, Q3 = 992.090 ms, Max = 992.090 ms
IQR = 0.000 ms, LowerFence = 992.090 ms, UpperFence = 992.090 ms
ConfidenceInterval = [NaN ms; NaN ms] (CI 99.9%), Margin = NaN ms (NaN% of Mean)
Skewness = NaN, Kurtosis = NaN, MValue = 2
-------------------- Histogram --------------------
[992.089 ms ; 992.090 ms) | @
---------------------------------------------------

FollowerLeases.PersistentPrototype: Dry(Toolchain=InProcessEmitToolchain, IterationCount=1, LaunchCount=1, RunStrategy=ColdStart, UnrollFactor=1, WarmupCount=1) [PageSize=64, ConsumerDelayMilliseconds=1]
Runtime = ; GC = 
Mean = 986.078 ms, StdErr = 0.000 ms (0.00%), N = 1, StdDev = 0.000 ms
Min = 986.078 ms, Q1 = 986.078 ms, Median = 986.078 ms, Q3 = 986.078 ms, Max = 986.078 ms
IQR = 0.000 ms, LowerFence = 986.078 ms, UpperFence = 986.078 ms
ConfidenceInterval = [NaN ms; NaN ms] (CI 99.9%), Margin = NaN ms (NaN% of Mean)
Skewness = NaN, Kurtosis = NaN, MValue = 2
-------------------- Histogram --------------------
[986.078 ms ; 986.078 ms) | @
---------------------------------------------------

// * Summary *

BenchmarkDotNet v0.15.8, Windows 11 (10.0.26200.9550/25H2/2025Update/HudsonValley2)
12th Gen Intel Core i7-12700K 3.60GHz, 1 CPU, 20 logical and 12 physical cores
.NET SDK 10.0.401
  [Host] : .NET 10.0.12 (10.0.12, 10.0.1226.42308), X64 RyuJIT x86-64-v3

Job=Dry  Toolchain=InProcessEmitToolchain  IterationCount=1  
LaunchCount=1  RunStrategy=ColdStart  UnrollFactor=1  
WarmupCount=1  

| Method              | PageSize | ConsumerDelayMilliseconds | Mean       | Error | Ratio | Allocated | Alloc Ratio |
|-------------------- |--------- |-------------------------- |-----------:|------:|------:|----------:|------------:|
| PerPage             | 1        | 0                         |  30.934 ms |    NA |  1.00 | 207.14 KB |        1.00 |
| PersistentPrototype | 1        | 0                         |  23.820 ms |    NA |  0.77 | 206.37 KB |        1.00 |
|                     |          |                           |            |       |       |           |             |
| PerPage             | 1        | 1                         | 990.087 ms |    NA |  1.00 | 208.95 KB |        1.00 |
| PersistentPrototype | 1        | 1                         | 980.577 ms |    NA |  0.99 | 201.84 KB |        0.97 |
|                     |          |                           |            |       |       |           |             |
| PerPage             | 8        | 0                         |   4.178 ms |    NA |  1.00 |  58.78 KB |        1.00 |
| PersistentPrototype | 8        | 0                         |   3.155 ms |    NA |  0.76 |  58.96 KB |        1.00 |
|                     |          |                           |            |       |       |           |             |
| PerPage             | 8        | 1                         | 984.426 ms |    NA |  1.00 |  69.82 KB |        1.00 |
| PersistentPrototype | 8        | 1                         | 992.421 ms |    NA |  1.01 |  70.29 KB |        1.01 |
|                     |          |                           |            |       |       |           |             |
| PerPage             | 64       | 0                         |   2.022 ms |    NA |  1.00 |  42.22 KB |        1.00 |
| PersistentPrototype | 64       | 0                         |   1.151 ms |    NA |  0.57 |  41.09 KB |        0.97 |
|                     |          |                           |            |       |       |           |             |
| PerPage             | 64       | 1                         | 992.090 ms |    NA |  1.00 |  52.56 KB |        1.00 |
| PersistentPrototype | 64       | 1                         | 986.078 ms |    NA |  0.99 |  53.16 KB |        1.01 |

// * Warnings *
MinIterationTime
  FollowerLeases.PerPage: Dry             -> The minimum observed iteration time is 30.934ms which is very small. It's recommended to increase it to at least 100ms using more operations.
  FollowerLeases.PersistentPrototype: Dry -> The minimum observed iteration time is 23.821ms which is very small. It's recommended to increase it to at least 100ms using more operations.
  FollowerLeases.PerPage: Dry             -> The minimum observed iteration time is 4.178ms which is very small. It's recommended to increase it to at least 100ms using more operations.
  FollowerLeases.PersistentPrototype: Dry -> The minimum observed iteration time is 3.155ms which is very small. It's recommended to increase it to at least 100ms using more operations.
  FollowerLeases.PerPage: Dry             -> The minimum observed iteration time is 2.022ms which is very small. It's recommended to increase it to at least 100ms using more operations.
  FollowerLeases.PersistentPrototype: Dry -> The minimum observed iteration time is 1.151ms which is very small. It's recommended to increase it to at least 100ms using more operations.

// * Legends *
  PageSize                  : Value of the 'PageSize' parameter
  ConsumerDelayMilliseconds : Value of the 'ConsumerDelayMilliseconds' parameter
  Mean                      : Arithmetic mean of all measurements
  Error                     : Half of 99.9% confidence interval
  Ratio                     : Mean of the ratio distribution ([Current]/[Baseline])
  Allocated                 : Allocated memory per single operation (managed only, inclusive, 1KB = 1024B)
  Alloc Ratio               : Allocated memory ratio distribution ([Current]/[Baseline])
  1 ms                      : 1 Millisecond (0.001 sec)

// * Diagnostic Output - MemoryDiagnoser *


// ***** BenchmarkRunner: End *****
Run time: 00:00:13 (13.83 sec), executed benchmarks: 12

// Found 2 benchmarks:
//   PoolBookkeeping.PerPageRentReturn: Dry(Toolchain=InProcessEmitToolchain, IterationCount=1, LaunchCount=1, RunStrategy=ColdStart, UnrollFactor=1, WarmupCount=1)
//   PoolBookkeeping.RetainedLeaseCheck: Dry(Toolchain=InProcessEmitToolchain, IterationCount=1, LaunchCount=1, RunStrategy=ColdStart, UnrollFactor=1, WarmupCount=1)

Setup power plan (GUID: 8c5e7fda-e8bf-4a96-9a85-a6e23a8c635c FriendlyName: High performance)
// **************************
// Benchmark: PoolBookkeeping.PerPageRentReturn: Dry(Toolchain=InProcessEmitToolchain, IterationCount=1, LaunchCount=1, RunStrategy=ColdStart, UnrollFactor=1, WarmupCount=1)
// *** Execute ***
// Launch: 1 / 1

// Benchmark Process Environment Information:
// BenchmarkDotNet v0.15.8
// Runtime=.NET 10.0.12 (10.0.12, 10.0.1226.42308), X64 RyuJIT x86-64-v3
// GC=Concurrent Workstation
// HardwareIntrinsics=AVX2+BMI1+BMI2+F16C+FMA+LZCNT+MOVBE,AVX,SSE3+SSSE3+SSE4.1+SSE4.2+POPCNT,X86Base+SSE+SSE2,AES+PCLMUL,AvxVnni,SERIALIZE VectorSize=256
// Job: Job-ZLOTRF(Toolchain=InProcessEmitToolchain, IterationCount=1, LaunchCount=1, RunStrategy=ColdStart, UnrollFactor=1, WarmupCount=1)

WorkloadActual   1: 1 op, 2054700.00 ns, 2.0547 ms/op

WorkloadResult   1: 1 op, 2054700.00 ns, 2.0547 ms/op
// GC:  0 0 0 960 1
// Threading:  0 0 1


Mean = 2.055 ms, StdErr = 0.000 ms (0.00%), N = 1, StdDev = 0.000 ms
Min = 2.055 ms, Q1 = 2.055 ms, Median = 2.055 ms, Q3 = 2.055 ms, Max = 2.055 ms
IQR = 0.000 ms, LowerFence = 2.055 ms, UpperFence = 2.055 ms
ConfidenceInterval = [NaN ms; NaN ms] (CI 99.9%), Margin = NaN ms (NaN% of Mean)
Skewness = NaN, Kurtosis = NaN, MValue = 2

// ** Remained 1 (7.1%) benchmark(s) to run. Estimated finish 2026-10-06 15:52 (0h 0m from now) **
Setup power plan (GUID: 8c5e7fda-e8bf-4a96-9a85-a6e23a8c635c FriendlyName: High performance)
// **************************
// Benchmark: PoolBookkeeping.RetainedLeaseCheck: Dry(Toolchain=InProcessEmitToolchain, IterationCount=1, LaunchCount=1, RunStrategy=ColdStart, UnrollFactor=1, WarmupCount=1)
// *** Execute ***
// Launch: 1 / 1

// Benchmark Process Environment Information:
// BenchmarkDotNet v0.15.8
// Runtime=.NET 10.0.12 (10.0.12, 10.0.1226.42308), X64 RyuJIT x86-64-v3
// GC=Concurrent Workstation
// HardwareIntrinsics=AVX2+BMI1+BMI2+F16C+FMA+LZCNT+MOVBE,AVX,SSE3+SSSE3+SSE4.1+SSE4.2+POPCNT,X86Base+SSE+SSE2,AES+PCLMUL,AvxVnni,SERIALIZE VectorSize=256
// Job: Job-ZLOTRF(Toolchain=InProcessEmitToolchain, IterationCount=1, LaunchCount=1, RunStrategy=ColdStart, UnrollFactor=1, WarmupCount=1)

WorkloadActual   1: 1 op, 299600.00 ns, 299.6000 us/op

WorkloadResult   1: 1 op, 299600.00 ns, 299.6000 us/op
// GC:  0 0 0 48 1
// Threading:  0 0 1


Mean = 299.600 us, StdErr = 0.000 us (0.00%), N = 1, StdDev = 0.000 us
Min = 299.600 us, Q1 = 299.600 us, Median = 299.600 us, Q3 = 299.600 us, Max = 299.600 us
IQR = 0.000 us, LowerFence = 299.600 us, UpperFence = 299.600 us
ConfidenceInterval = [NaN us; NaN us] (CI 99.9%), Margin = NaN us (NaN% of Mean)
Skewness = NaN, Kurtosis = NaN, MValue = 2

// ** Remained 0 (0.0%) benchmark(s) to run. Estimated finish 2026-10-06 15:52 (0h 0m from now) **
Successfully reverted power plan (GUID: 8c5e7fda-e8bf-4a96-9a85-a6e23a8c635c FriendlyName: High performance)
// ***** BenchmarkRunner: Finish  *****

// * Export *
  dry-final\20261006-155219\PoolBookkeeping-report.csv
  dry-final\20261006-155219\PoolBookkeeping-report-github.md
  dry-final\20261006-155219\PoolBookkeeping-report.html

// * Detailed results *
PoolBookkeeping.PerPageRentReturn: Dry(Toolchain=InProcessEmitToolchain, IterationCount=1, LaunchCount=1, RunStrategy=ColdStart, UnrollFactor=1, WarmupCount=1)
Runtime = ; GC = 
Mean = 2.055 ms, StdErr = 0.000 ms (0.00%), N = 1, StdDev = 0.000 ms
Min = 2.055 ms, Q1 = 2.055 ms, Median = 2.055 ms, Q3 = 2.055 ms, Max = 2.055 ms
IQR = 0.000 ms, LowerFence = 2.055 ms, UpperFence = 2.055 ms
ConfidenceInterval = [NaN ms; NaN ms] (CI 99.9%), Margin = NaN ms (NaN% of Mean)
Skewness = NaN, Kurtosis = NaN, MValue = 2
-------------------- Histogram --------------------
[2.055 ms ; 2.055 ms) | @
---------------------------------------------------

PoolBookkeeping.RetainedLeaseCheck: Dry(Toolchain=InProcessEmitToolchain, IterationCount=1, LaunchCount=1, RunStrategy=ColdStart, UnrollFactor=1, WarmupCount=1)
Runtime = ; GC = 
Mean = 299.600 us, StdErr = 0.000 us (0.00%), N = 1, StdDev = 0.000 us
Min = 299.600 us, Q1 = 299.600 us, Median = 299.600 us, Q3 = 299.600 us, Max = 299.600 us
IQR = 0.000 us, LowerFence = 299.600 us, UpperFence = 299.600 us
ConfidenceInterval = [NaN us; NaN us] (CI 99.9%), Margin = NaN us (NaN% of Mean)
Skewness = NaN, Kurtosis = NaN, MValue = 2
-------------------- Histogram --------------------
[299.599 us ; 299.601 us) | @
---------------------------------------------------

// * Summary *

BenchmarkDotNet v0.15.8, Windows 11 (10.0.26200.9550/25H2/2025Update/HudsonValley2)
12th Gen Intel Core i7-12700K 3.60GHz, 1 CPU, 20 logical and 12 physical cores
.NET SDK 10.0.401
  [Host] : .NET 10.0.12 (10.0.12, 10.0.1226.42308), X64 RyuJIT x86-64-v3

Job=Dry  Toolchain=InProcessEmitToolchain  IterationCount=1  
LaunchCount=1  RunStrategy=ColdStart  UnrollFactor=1  
WarmupCount=1  

| Method             | Mean       | Error | Ratio | Allocated | Alloc Ratio |
|------------------- |-----------:|------:|------:|----------:|------------:|
| PerPageRentReturn  | 2,054.7 us |    NA |  1.00 |     960 B |        1.00 |
| RetainedLeaseCheck |   299.6 us |    NA |  0.15 |      48 B |        0.05 |

// * Warnings *
MinIterationTime
  PoolBookkeeping.PerPageRentReturn: Dry  -> The minimum observed iteration time is 2.055ms which is very small. It's recommended to increase it to at least 100ms using more operations.
  PoolBookkeeping.RetainedLeaseCheck: Dry -> The minimum observed iteration time is 299.6us which is very small. It's recommended to increase it to at least 100ms using more operations.

// * Legends *
  Mean        : Arithmetic mean of all measurements
  Error       : Half of 99.9% confidence interval
  Ratio       : Mean of the ratio distribution ([Current]/[Baseline])
  Allocated   : Allocated memory per single operation (managed only, inclusive, 1KB = 1024B)
  Alloc Ratio : Allocated memory ratio distribution ([Current]/[Baseline])
  1 us        : 1 Microsecond (0.000001 sec)

// * Diagnostic Output - MemoryDiagnoser *


// ***** BenchmarkRunner: End *****
Run time: 00:00:00 (0.36 sec), executed benchmarks: 2

Global total time: 00:00:14 (14.77 sec), executed benchmarks: 14
// * Artifacts cleanup *
Artifacts cleanup is finished
