// Validating benchmarks:
// ***** BenchmarkRunner: Start   *****
// ***** Found 6 benchmark(s) in total *****
// ***** Building 1 exe(s) in Parallel: Start   *****
// ***** Done, took 00:00:00 (0.03 sec)   *****
// Found 6 benchmarks:
//   FollowerLeases.PerPage: Job-GCAGOG(Toolchain=InProcessEmitToolchain, UnrollFactor=1) [PageSize=1, ConsumerDelayMilliseconds=0]
//   FollowerLeases.PersistentPrototype: Job-GCAGOG(Toolchain=InProcessEmitToolchain, UnrollFactor=1) [PageSize=1, ConsumerDelayMilliseconds=0]
//   FollowerLeases.PerPage: Job-GCAGOG(Toolchain=InProcessEmitToolchain, UnrollFactor=1) [PageSize=8, ConsumerDelayMilliseconds=0]
//   FollowerLeases.PersistentPrototype: Job-GCAGOG(Toolchain=InProcessEmitToolchain, UnrollFactor=1) [PageSize=8, ConsumerDelayMilliseconds=0]
//   FollowerLeases.PerPage: Job-GCAGOG(Toolchain=InProcessEmitToolchain, UnrollFactor=1) [PageSize=64, ConsumerDelayMilliseconds=0]
//   FollowerLeases.PersistentPrototype: Job-GCAGOG(Toolchain=InProcessEmitToolchain, UnrollFactor=1) [PageSize=64, ConsumerDelayMilliseconds=0]

Setup power plan (GUID: 8c5e7fda-e8bf-4a96-9a85-a6e23a8c635c FriendlyName: High performance)
// **************************
// Benchmark: FollowerLeases.PerPage: Job-GCAGOG(Toolchain=InProcessEmitToolchain, UnrollFactor=1) [PageSize=1, ConsumerDelayMilliseconds=0]
// *** Execute ***
// Launch: 1 / 1

// Benchmark Process Environment Information:
// BenchmarkDotNet v0.15.8
// Runtime=.NET 10.0.12 (10.0.12, 10.0.1226.42308), X64 RyuJIT x86-64-v3
// GC=Concurrent Workstation
// HardwareIntrinsics=AVX2+BMI1+BMI2+F16C+FMA+LZCNT+MOVBE,AVX,SSE3+SSSE3+SSE4.1+SSE4.2+POPCNT,X86Base+SSE+SSE2,AES+PCLMUL,AvxVnni,SERIALIZE VectorSize=256
// Job: Job-GCAGOG(Toolchain=InProcessEmitToolchain, UnrollFactor=1)

OverheadJitting  1: 1 op, 184100.00 ns, 184.1000 us/op
WorkloadJitting  1: 1 op, 27076000.00 ns, 27.0760 ms/op

WorkloadPilot    1: 4 op, 89775200.00 ns, 22.4438 ms/op
WorkloadPilot    2: 5 op, 109949500.00 ns, 21.9899 ms/op
WorkloadPilot    3: 6 op, 139049200.00 ns, 23.1749 ms/op
WorkloadPilot    4: 7 op, 171107100.00 ns, 24.4439 ms/op
WorkloadPilot    5: 8 op, 216431000.00 ns, 27.0539 ms/op
WorkloadPilot    6: 9 op, 191302800.00 ns, 21.2559 ms/op
WorkloadPilot    7: 10 op, 207302500.00 ns, 20.7303 ms/op
WorkloadPilot    8: 11 op, 233073900.00 ns, 21.1885 ms/op
WorkloadPilot    9: 12 op, 235259500.00 ns, 19.6050 ms/op
WorkloadPilot   10: 13 op, 287749900.00 ns, 22.1346 ms/op
WorkloadPilot   11: 14 op, 312042800.00 ns, 22.2888 ms/op
WorkloadPilot   12: 15 op, 302211300.00 ns, 20.1474 ms/op
WorkloadPilot   13: 16 op, 337338000.00 ns, 21.0836 ms/op
WorkloadPilot   14: 32 op, 668957700.00 ns, 20.9049 ms/op

OverheadWarmup   1: 32 op, 1600.00 ns, 50.0000 ns/op
OverheadWarmup   2: 32 op, 500.00 ns, 15.6250 ns/op
OverheadWarmup   3: 32 op, 400.00 ns, 12.5000 ns/op
OverheadWarmup   4: 32 op, 300.00 ns, 9.3750 ns/op
OverheadWarmup   5: 32 op, 500.00 ns, 15.6250 ns/op
OverheadWarmup   6: 32 op, 500.00 ns, 15.6250 ns/op
OverheadWarmup   7: 32 op, 500.00 ns, 15.6250 ns/op
OverheadWarmup   8: 32 op, 400.00 ns, 12.5000 ns/op

OverheadActual   1: 32 op, 300.00 ns, 9.3750 ns/op
OverheadActual   2: 32 op, 400.00 ns, 12.5000 ns/op
OverheadActual   3: 32 op, 400.00 ns, 12.5000 ns/op
OverheadActual   4: 32 op, 400.00 ns, 12.5000 ns/op
OverheadActual   5: 32 op, 300.00 ns, 9.3750 ns/op
OverheadActual   6: 32 op, 300.00 ns, 9.3750 ns/op
OverheadActual   7: 32 op, 200.00 ns, 6.2500 ns/op
OverheadActual   8: 32 op, 400.00 ns, 12.5000 ns/op
OverheadActual   9: 32 op, 200.00 ns, 6.2500 ns/op
OverheadActual  10: 32 op, 300.00 ns, 9.3750 ns/op
OverheadActual  11: 32 op, 200.00 ns, 6.2500 ns/op
OverheadActual  12: 32 op, 300.00 ns, 9.3750 ns/op
OverheadActual  13: 32 op, 200.00 ns, 6.2500 ns/op
OverheadActual  14: 32 op, 300.00 ns, 9.3750 ns/op
OverheadActual  15: 32 op, 200.00 ns, 6.2500 ns/op
OverheadActual  16: 32 op, 200.00 ns, 6.2500 ns/op
OverheadActual  17: 32 op, 200.00 ns, 6.2500 ns/op
OverheadActual  18: 32 op, 300.00 ns, 9.3750 ns/op
OverheadActual  19: 32 op, 200.00 ns, 6.2500 ns/op
OverheadActual  20: 32 op, 500.00 ns, 15.6250 ns/op

WorkloadWarmup   1: 32 op, 664425400.00 ns, 20.7633 ms/op
WorkloadWarmup   2: 32 op, 660918000.00 ns, 20.6537 ms/op
WorkloadWarmup   3: 32 op, 652035400.00 ns, 20.3761 ms/op
WorkloadWarmup   4: 32 op, 649808500.00 ns, 20.3065 ms/op
WorkloadWarmup   5: 32 op, 641211800.00 ns, 20.0379 ms/op
WorkloadWarmup   6: 32 op, 645994700.00 ns, 20.1873 ms/op
WorkloadWarmup   7: 32 op, 647938200.00 ns, 20.2481 ms/op
WorkloadWarmup   8: 32 op, 659862200.00 ns, 20.6207 ms/op
WorkloadWarmup   9: 32 op, 681091300.00 ns, 21.2841 ms/op
WorkloadWarmup  10: 32 op, 819168300.00 ns, 25.5990 ms/op
WorkloadWarmup  11: 32 op, 718978700.00 ns, 22.4681 ms/op
WorkloadWarmup  12: 32 op, 754241800.00 ns, 23.5701 ms/op
WorkloadWarmup  13: 32 op, 786667100.00 ns, 24.5833 ms/op
WorkloadWarmup  14: 32 op, 714491300.00 ns, 22.3279 ms/op

WorkloadActual   1: 32 op, 737287700.00 ns, 23.0402 ms/op
WorkloadActual   2: 32 op, 666396500.00 ns, 20.8249 ms/op
WorkloadActual   3: 32 op, 609190300.00 ns, 19.0372 ms/op
WorkloadActual   4: 32 op, 608172300.00 ns, 19.0054 ms/op
WorkloadActual   5: 32 op, 626764100.00 ns, 19.5864 ms/op
WorkloadActual   6: 32 op, 614065500.00 ns, 19.1895 ms/op
WorkloadActual   7: 32 op, 617707200.00 ns, 19.3034 ms/op
WorkloadActual   8: 32 op, 610718000.00 ns, 19.0849 ms/op
WorkloadActual   9: 32 op, 624681900.00 ns, 19.5213 ms/op
WorkloadActual  10: 32 op, 630925600.00 ns, 19.7164 ms/op
WorkloadActual  11: 32 op, 632870200.00 ns, 19.7772 ms/op
WorkloadActual  12: 32 op, 672840600.00 ns, 21.0263 ms/op
WorkloadActual  13: 32 op, 632346600.00 ns, 19.7608 ms/op
WorkloadActual  14: 32 op, 628334400.00 ns, 19.6355 ms/op
WorkloadActual  15: 32 op, 641711600.00 ns, 20.0535 ms/op
WorkloadActual  16: 32 op, 627679900.00 ns, 19.6150 ms/op
WorkloadActual  17: 32 op, 633128200.00 ns, 19.7853 ms/op

WorkloadResult   1: 32 op, 609190000.00 ns, 19.0372 ms/op
WorkloadResult   2: 32 op, 608172000.00 ns, 19.0054 ms/op
WorkloadResult   3: 32 op, 626763800.00 ns, 19.5864 ms/op
WorkloadResult   4: 32 op, 614065200.00 ns, 19.1895 ms/op
WorkloadResult   5: 32 op, 617706900.00 ns, 19.3033 ms/op
WorkloadResult   6: 32 op, 610717700.00 ns, 19.0849 ms/op
WorkloadResult   7: 32 op, 624681600.00 ns, 19.5213 ms/op
WorkloadResult   8: 32 op, 630925300.00 ns, 19.7164 ms/op
WorkloadResult   9: 32 op, 632869900.00 ns, 19.7772 ms/op
WorkloadResult  10: 32 op, 632346300.00 ns, 19.7608 ms/op
WorkloadResult  11: 32 op, 628334100.00 ns, 19.6354 ms/op
WorkloadResult  12: 32 op, 641711300.00 ns, 20.0535 ms/op
WorkloadResult  13: 32 op, 627679600.00 ns, 19.6150 ms/op
WorkloadResult  14: 32 op, 633127900.00 ns, 19.7852 ms/op
// GC:  0 0 0 6158848 32
// Threading:  2337 1 32


Mean = 19.505 ms, StdErr = 0.087 ms (0.45%), N = 14, StdDev = 0.326 ms
Min = 19.005 ms, Q1 = 19.218 ms, Median = 19.601 ms, Q3 = 19.750 ms, Max = 20.053 ms
IQR = 0.532 ms, LowerFence = 18.420 ms, UpperFence = 20.547 ms
ConfidenceInterval = [19.137 ms; 19.873 ms] (CI 99.9%), Margin = 0.368 ms (1.89% of Mean)
Skewness = -0.21, Kurtosis = 1.65, MValue = 2

// ** Remained 5 (83.3%) benchmark(s) to run. Estimated finish 2026-10-06 15:45 (0h 2m from now) **
Setup power plan (GUID: 8c5e7fda-e8bf-4a96-9a85-a6e23a8c635c FriendlyName: High performance)
// **************************
// Benchmark: FollowerLeases.PersistentPrototype: Job-GCAGOG(Toolchain=InProcessEmitToolchain, UnrollFactor=1) [PageSize=1, ConsumerDelayMilliseconds=0]
// *** Execute ***
// Launch: 1 / 1

// Benchmark Process Environment Information:
// BenchmarkDotNet v0.15.8
// Runtime=.NET 10.0.12 (10.0.12, 10.0.1226.42308), X64 RyuJIT x86-64-v3
// GC=Concurrent Workstation
// HardwareIntrinsics=AVX2+BMI1+BMI2+F16C+FMA+LZCNT+MOVBE,AVX,SSE3+SSSE3+SSE4.1+SSE4.2+POPCNT,X86Base+SSE+SSE2,AES+PCLMUL,AvxVnni,SERIALIZE VectorSize=256
// Job: Job-GCAGOG(Toolchain=InProcessEmitToolchain, UnrollFactor=1)

OverheadJitting  1: 1 op, 189100.00 ns, 189.1000 us/op
WorkloadJitting  1: 1 op, 20423900.00 ns, 20.4239 ms/op

WorkloadPilot    1: 4 op, 76064400.00 ns, 19.0161 ms/op
WorkloadPilot    2: 5 op, 100843200.00 ns, 20.1686 ms/op
WorkloadPilot    3: 6 op, 115893700.00 ns, 19.3156 ms/op
WorkloadPilot    4: 7 op, 131095700.00 ns, 18.7280 ms/op
WorkloadPilot    5: 8 op, 152084300.00 ns, 19.0105 ms/op
WorkloadPilot    6: 9 op, 181571000.00 ns, 20.1746 ms/op
WorkloadPilot    7: 10 op, 211503700.00 ns, 21.1504 ms/op
WorkloadPilot    8: 11 op, 223669000.00 ns, 20.3335 ms/op
WorkloadPilot    9: 12 op, 253210200.00 ns, 21.1009 ms/op
WorkloadPilot   10: 13 op, 263910800.00 ns, 20.3008 ms/op
WorkloadPilot   11: 14 op, 299131900.00 ns, 21.3666 ms/op
WorkloadPilot   12: 15 op, 297944600.00 ns, 19.8630 ms/op
WorkloadPilot   13: 16 op, 311691900.00 ns, 19.4807 ms/op
WorkloadPilot   14: 32 op, 632860500.00 ns, 19.7769 ms/op

OverheadWarmup   1: 32 op, 2600.00 ns, 81.2500 ns/op
OverheadWarmup   2: 32 op, 300.00 ns, 9.3750 ns/op
OverheadWarmup   3: 32 op, 300.00 ns, 9.3750 ns/op
OverheadWarmup   4: 32 op, 300.00 ns, 9.3750 ns/op
OverheadWarmup   5: 32 op, 300.00 ns, 9.3750 ns/op
OverheadWarmup   6: 32 op, 300.00 ns, 9.3750 ns/op

OverheadActual   1: 32 op, 300.00 ns, 9.3750 ns/op
OverheadActual   2: 32 op, 200.00 ns, 6.2500 ns/op
OverheadActual   3: 32 op, 200.00 ns, 6.2500 ns/op
OverheadActual   4: 32 op, 200.00 ns, 6.2500 ns/op
OverheadActual   5: 32 op, 200.00 ns, 6.2500 ns/op
OverheadActual   6: 32 op, 300.00 ns, 9.3750 ns/op
OverheadActual   7: 32 op, 200.00 ns, 6.2500 ns/op
OverheadActual   8: 32 op, 200.00 ns, 6.2500 ns/op
OverheadActual   9: 32 op, 400.00 ns, 12.5000 ns/op
OverheadActual  10: 32 op, 400.00 ns, 12.5000 ns/op
OverheadActual  11: 32 op, 200.00 ns, 6.2500 ns/op
OverheadActual  12: 32 op, 300.00 ns, 9.3750 ns/op
OverheadActual  13: 32 op, 300.00 ns, 9.3750 ns/op
OverheadActual  14: 32 op, 400.00 ns, 12.5000 ns/op
OverheadActual  15: 32 op, 300.00 ns, 9.3750 ns/op
OverheadActual  16: 32 op, 300.00 ns, 9.3750 ns/op
OverheadActual  17: 32 op, 200.00 ns, 6.2500 ns/op
OverheadActual  18: 32 op, 300.00 ns, 9.3750 ns/op
OverheadActual  19: 32 op, 200.00 ns, 6.2500 ns/op
OverheadActual  20: 32 op, 400.00 ns, 12.5000 ns/op

WorkloadWarmup   1: 32 op, 640172500.00 ns, 20.0054 ms/op
WorkloadWarmup   2: 32 op, 641650800.00 ns, 20.0516 ms/op
WorkloadWarmup   3: 32 op, 635028700.00 ns, 19.8446 ms/op
WorkloadWarmup   4: 32 op, 686483800.00 ns, 21.4526 ms/op
WorkloadWarmup   5: 32 op, 733621300.00 ns, 22.9257 ms/op
WorkloadWarmup   6: 32 op, 674240300.00 ns, 21.0700 ms/op

WorkloadActual   1: 32 op, 659862700.00 ns, 20.6207 ms/op
WorkloadActual   2: 32 op, 630100600.00 ns, 19.6906 ms/op
WorkloadActual   3: 32 op, 653244100.00 ns, 20.4139 ms/op
WorkloadActual   4: 32 op, 636905700.00 ns, 19.9033 ms/op
WorkloadActual   5: 32 op, 626393800.00 ns, 19.5748 ms/op
WorkloadActual   6: 32 op, 630610800.00 ns, 19.7066 ms/op
WorkloadActual   7: 32 op, 630693500.00 ns, 19.7092 ms/op
WorkloadActual   8: 32 op, 639445200.00 ns, 19.9827 ms/op
WorkloadActual   9: 32 op, 633898600.00 ns, 19.8093 ms/op
WorkloadActual  10: 32 op, 650134400.00 ns, 20.3167 ms/op
WorkloadActual  11: 32 op, 629030600.00 ns, 19.6572 ms/op
WorkloadActual  12: 32 op, 631865900.00 ns, 19.7458 ms/op
WorkloadActual  13: 32 op, 666173600.00 ns, 20.8179 ms/op
WorkloadActual  14: 32 op, 624535900.00 ns, 19.5167 ms/op
WorkloadActual  15: 32 op, 633509200.00 ns, 19.7972 ms/op
WorkloadActual  16: 32 op, 649567300.00 ns, 20.2990 ms/op
WorkloadActual  17: 32 op, 641828000.00 ns, 20.0571 ms/op

WorkloadResult   1: 32 op, 659862400.00 ns, 20.6207 ms/op
WorkloadResult   2: 32 op, 630100300.00 ns, 19.6906 ms/op
WorkloadResult   3: 32 op, 653243800.00 ns, 20.4139 ms/op
WorkloadResult   4: 32 op, 636905400.00 ns, 19.9033 ms/op
WorkloadResult   5: 32 op, 626393500.00 ns, 19.5748 ms/op
WorkloadResult   6: 32 op, 630610500.00 ns, 19.7066 ms/op
WorkloadResult   7: 32 op, 630693200.00 ns, 19.7092 ms/op
WorkloadResult   8: 32 op, 639444900.00 ns, 19.9827 ms/op
WorkloadResult   9: 32 op, 633898300.00 ns, 19.8093 ms/op
WorkloadResult  10: 32 op, 650134100.00 ns, 20.3167 ms/op
WorkloadResult  11: 32 op, 629030300.00 ns, 19.6572 ms/op
WorkloadResult  12: 32 op, 631865600.00 ns, 19.7458 ms/op
WorkloadResult  13: 32 op, 666173300.00 ns, 20.8179 ms/op
WorkloadResult  14: 32 op, 624535600.00 ns, 19.5167 ms/op
WorkloadResult  15: 32 op, 633508900.00 ns, 19.7972 ms/op
WorkloadResult  16: 32 op, 649567000.00 ns, 20.2990 ms/op
WorkloadResult  17: 32 op, 641827700.00 ns, 20.0571 ms/op
// GC:  0 0 0 6171456 32
// Threading:  2336 0 32


Mean = 19.978 ms, StdErr = 0.093 ms (0.47%), N = 17, StdDev = 0.384 ms
Min = 19.517 ms, Q1 = 19.707 ms, Median = 19.809 ms, Q3 = 20.299 ms, Max = 20.818 ms
IQR = 0.592 ms, LowerFence = 18.818 ms, UpperFence = 21.188 ms
ConfidenceInterval = [19.604 ms; 20.352 ms] (CI 99.9%), Margin = 0.374 ms (1.87% of Mean)
Skewness = 0.76, Kurtosis = 2.26, MValue = 2

// ** Remained 4 (66.7%) benchmark(s) to run. Estimated finish 2026-10-06 15:44 (0h 1m from now) **
Setup power plan (GUID: 8c5e7fda-e8bf-4a96-9a85-a6e23a8c635c FriendlyName: High performance)
// **************************
// Benchmark: FollowerLeases.PerPage: Job-GCAGOG(Toolchain=InProcessEmitToolchain, UnrollFactor=1) [PageSize=8, ConsumerDelayMilliseconds=0]
// *** Execute ***
// Launch: 1 / 1

// Benchmark Process Environment Information:
// BenchmarkDotNet v0.15.8
// Runtime=.NET 10.0.12 (10.0.12, 10.0.1226.42308), X64 RyuJIT x86-64-v3
// GC=Concurrent Workstation
// HardwareIntrinsics=AVX2+BMI1+BMI2+F16C+FMA+LZCNT+MOVBE,AVX,SSE3+SSSE3+SSE4.1+SSE4.2+POPCNT,X86Base+SSE+SSE2,AES+PCLMUL,AvxVnni,SERIALIZE VectorSize=256
// Job: Job-GCAGOG(Toolchain=InProcessEmitToolchain, UnrollFactor=1)

OverheadJitting  1: 1 op, 220600.00 ns, 220.6000 us/op
WorkloadJitting  1: 1 op, 3463300.00 ns, 3.4633 ms/op

WorkloadPilot    1: 4 op, 9586200.00 ns, 2.3966 ms/op
WorkloadPilot    2: 5 op, 12755900.00 ns, 2.5512 ms/op
WorkloadPilot    3: 6 op, 14512600.00 ns, 2.4188 ms/op
WorkloadPilot    4: 7 op, 17403300.00 ns, 2.4862 ms/op
WorkloadPilot    5: 8 op, 19526800.00 ns, 2.4409 ms/op
WorkloadPilot    6: 9 op, 23686200.00 ns, 2.6318 ms/op
WorkloadPilot    7: 10 op, 25701500.00 ns, 2.5702 ms/op
WorkloadPilot    8: 11 op, 29442800.00 ns, 2.6766 ms/op
WorkloadPilot    9: 12 op, 32448000.00 ns, 2.7040 ms/op
WorkloadPilot   10: 13 op, 35585400.00 ns, 2.7373 ms/op
WorkloadPilot   11: 14 op, 37638000.00 ns, 2.6884 ms/op
WorkloadPilot   12: 15 op, 39663900.00 ns, 2.6443 ms/op
WorkloadPilot   13: 16 op, 39812200.00 ns, 2.4883 ms/op
WorkloadPilot   14: 32 op, 76044000.00 ns, 2.3764 ms/op
WorkloadPilot   15: 64 op, 160131400.00 ns, 2.5021 ms/op
WorkloadPilot   16: 128 op, 361035800.00 ns, 2.8206 ms/op
WorkloadPilot   17: 256 op, 667396600.00 ns, 2.6070 ms/op

OverheadWarmup   1: 256 op, 2900.00 ns, 11.3281 ns/op
OverheadWarmup   2: 256 op, 700.00 ns, 2.7344 ns/op
OverheadWarmup   3: 256 op, 600.00 ns, 2.3438 ns/op
OverheadWarmup   4: 256 op, 500.00 ns, 1.9531 ns/op
OverheadWarmup   5: 256 op, 600.00 ns, 2.3438 ns/op
OverheadWarmup   6: 256 op, 700.00 ns, 2.7344 ns/op
OverheadWarmup   7: 256 op, 700.00 ns, 2.7344 ns/op
OverheadWarmup   8: 256 op, 700.00 ns, 2.7344 ns/op
OverheadWarmup   9: 256 op, 900.00 ns, 3.5156 ns/op

OverheadActual   1: 256 op, 700.00 ns, 2.7344 ns/op
OverheadActual   2: 256 op, 600.00 ns, 2.3438 ns/op
OverheadActual   3: 256 op, 600.00 ns, 2.3438 ns/op
OverheadActual   4: 256 op, 600.00 ns, 2.3438 ns/op
OverheadActual   5: 256 op, 600.00 ns, 2.3438 ns/op
OverheadActual   6: 256 op, 700.00 ns, 2.7344 ns/op
OverheadActual   7: 256 op, 700.00 ns, 2.7344 ns/op
OverheadActual   8: 256 op, 700.00 ns, 2.7344 ns/op
OverheadActual   9: 256 op, 800.00 ns, 3.1250 ns/op
OverheadActual  10: 256 op, 800.00 ns, 3.1250 ns/op
OverheadActual  11: 256 op, 700.00 ns, 2.7344 ns/op
OverheadActual  12: 256 op, 800.00 ns, 3.1250 ns/op
OverheadActual  13: 256 op, 700.00 ns, 2.7344 ns/op
OverheadActual  14: 256 op, 900.00 ns, 3.5156 ns/op
OverheadActual  15: 256 op, 800.00 ns, 3.1250 ns/op
OverheadActual  16: 256 op, 700.00 ns, 2.7344 ns/op
OverheadActual  17: 256 op, 700.00 ns, 2.7344 ns/op
OverheadActual  18: 256 op, 700.00 ns, 2.7344 ns/op
OverheadActual  19: 256 op, 700.00 ns, 2.7344 ns/op
OverheadActual  20: 256 op, 600.00 ns, 2.3438 ns/op

WorkloadWarmup   1: 256 op, 666375100.00 ns, 2.6030 ms/op
WorkloadWarmup   2: 256 op, 646482600.00 ns, 2.5253 ms/op
WorkloadWarmup   3: 256 op, 630946900.00 ns, 2.4646 ms/op
WorkloadWarmup   4: 256 op, 619079100.00 ns, 2.4183 ms/op
WorkloadWarmup   5: 256 op, 616734300.00 ns, 2.4091 ms/op
WorkloadWarmup   6: 256 op, 664712900.00 ns, 2.5965 ms/op
WorkloadWarmup   7: 256 op, 732535100.00 ns, 2.8615 ms/op
WorkloadWarmup   8: 256 op, 750656700.00 ns, 2.9323 ms/op
WorkloadWarmup   9: 256 op, 727077900.00 ns, 2.8401 ms/op
WorkloadWarmup  10: 256 op, 693625700.00 ns, 2.7095 ms/op
WorkloadWarmup  11: 256 op, 755181100.00 ns, 2.9499 ms/op
WorkloadWarmup  12: 256 op, 696630200.00 ns, 2.7212 ms/op

WorkloadActual   1: 256 op, 666200500.00 ns, 2.6023 ms/op
WorkloadActual   2: 256 op, 678157900.00 ns, 2.6491 ms/op
WorkloadActual   3: 256 op, 690863600.00 ns, 2.6987 ms/op
WorkloadActual   4: 256 op, 682883500.00 ns, 2.6675 ms/op
WorkloadActual   5: 256 op, 673552600.00 ns, 2.6311 ms/op
WorkloadActual   6: 256 op, 660201000.00 ns, 2.5789 ms/op
WorkloadActual   7: 256 op, 693295100.00 ns, 2.7082 ms/op
WorkloadActual   8: 256 op, 637551000.00 ns, 2.4904 ms/op
WorkloadActual   9: 256 op, 639280900.00 ns, 2.4972 ms/op
WorkloadActual  10: 256 op, 676818400.00 ns, 2.6438 ms/op
WorkloadActual  11: 256 op, 676779100.00 ns, 2.6437 ms/op
WorkloadActual  12: 256 op, 728098200.00 ns, 2.8441 ms/op
WorkloadActual  13: 256 op, 658200400.00 ns, 2.5711 ms/op
WorkloadActual  14: 256 op, 663629500.00 ns, 2.5923 ms/op
WorkloadActual  15: 256 op, 684621400.00 ns, 2.6743 ms/op
WorkloadActual  16: 256 op, 691530300.00 ns, 2.7013 ms/op
WorkloadActual  17: 256 op, 653186700.00 ns, 2.5515 ms/op
WorkloadActual  18: 256 op, 648631600.00 ns, 2.5337 ms/op
WorkloadActual  19: 256 op, 630561800.00 ns, 2.4631 ms/op
WorkloadActual  20: 256 op, 643749900.00 ns, 2.5146 ms/op
WorkloadActual  21: 256 op, 658431900.00 ns, 2.5720 ms/op
WorkloadActual  22: 256 op, 649417200.00 ns, 2.5368 ms/op
WorkloadActual  23: 256 op, 654342200.00 ns, 2.5560 ms/op
WorkloadActual  24: 256 op, 655229500.00 ns, 2.5595 ms/op
WorkloadActual  25: 256 op, 697635200.00 ns, 2.7251 ms/op
WorkloadActual  26: 256 op, 672145500.00 ns, 2.6256 ms/op
WorkloadActual  27: 256 op, 698937700.00 ns, 2.7302 ms/op
WorkloadActual  28: 256 op, 672332700.00 ns, 2.6263 ms/op
WorkloadActual  29: 256 op, 657303400.00 ns, 2.5676 ms/op

WorkloadResult   1: 256 op, 666199800.00 ns, 2.6023 ms/op
WorkloadResult   2: 256 op, 678157200.00 ns, 2.6491 ms/op
WorkloadResult   3: 256 op, 690862900.00 ns, 2.6987 ms/op
WorkloadResult   4: 256 op, 682882800.00 ns, 2.6675 ms/op
WorkloadResult   5: 256 op, 673551900.00 ns, 2.6311 ms/op
WorkloadResult   6: 256 op, 660200300.00 ns, 2.5789 ms/op
WorkloadResult   7: 256 op, 693294400.00 ns, 2.7082 ms/op
WorkloadResult   8: 256 op, 637550300.00 ns, 2.4904 ms/op
WorkloadResult   9: 256 op, 639280200.00 ns, 2.4972 ms/op
WorkloadResult  10: 256 op, 676817700.00 ns, 2.6438 ms/op
WorkloadResult  11: 256 op, 676778400.00 ns, 2.6437 ms/op
WorkloadResult  12: 256 op, 658199700.00 ns, 2.5711 ms/op
WorkloadResult  13: 256 op, 663628800.00 ns, 2.5923 ms/op
WorkloadResult  14: 256 op, 684620700.00 ns, 2.6743 ms/op
WorkloadResult  15: 256 op, 691529600.00 ns, 2.7013 ms/op
WorkloadResult  16: 256 op, 653186000.00 ns, 2.5515 ms/op
WorkloadResult  17: 256 op, 648630900.00 ns, 2.5337 ms/op
WorkloadResult  18: 256 op, 630561100.00 ns, 2.4631 ms/op
WorkloadResult  19: 256 op, 643749200.00 ns, 2.5146 ms/op
WorkloadResult  20: 256 op, 658431200.00 ns, 2.5720 ms/op
WorkloadResult  21: 256 op, 649416500.00 ns, 2.5368 ms/op
WorkloadResult  22: 256 op, 654341500.00 ns, 2.5560 ms/op
WorkloadResult  23: 256 op, 655228800.00 ns, 2.5595 ms/op
WorkloadResult  24: 256 op, 697634500.00 ns, 2.7251 ms/op
WorkloadResult  25: 256 op, 672144800.00 ns, 2.6256 ms/op
WorkloadResult  26: 256 op, 698937000.00 ns, 2.7302 ms/op
WorkloadResult  27: 256 op, 672332000.00 ns, 2.6263 ms/op
WorkloadResult  28: 256 op, 657302700.00 ns, 2.5676 ms/op
// GC:  1 0 0 14639712 256
// Threading:  2561 2 256


Mean = 2.604 ms, StdErr = 0.014 ms (0.54%), N = 28, StdDev = 0.074 ms
Min = 2.463 ms, Q1 = 2.555 ms, Median = 2.597 ms, Q3 = 2.654 ms, Max = 2.730 ms
IQR = 0.099 ms, LowerFence = 2.407 ms, UpperFence = 2.802 ms
ConfidenceInterval = [2.552 ms; 2.656 ms] (CI 99.9%), Margin = 0.052 ms (1.99% of Mean)
Skewness = 0.02, Kurtosis = 1.92, MValue = 2

// ** Remained 3 (50.0%) benchmark(s) to run. Estimated finish 2026-10-06 15:45 (0h 1m from now) **
Setup power plan (GUID: 8c5e7fda-e8bf-4a96-9a85-a6e23a8c635c FriendlyName: High performance)
// **************************
// Benchmark: FollowerLeases.PersistentPrototype: Job-GCAGOG(Toolchain=InProcessEmitToolchain, UnrollFactor=1) [PageSize=8, ConsumerDelayMilliseconds=0]
// *** Execute ***
// Launch: 1 / 1

// Benchmark Process Environment Information:
// BenchmarkDotNet v0.15.8
// Runtime=.NET 10.0.12 (10.0.12, 10.0.1226.42308), X64 RyuJIT x86-64-v3
// GC=Concurrent Workstation
// HardwareIntrinsics=AVX2+BMI1+BMI2+F16C+FMA+LZCNT+MOVBE,AVX,SSE3+SSSE3+SSE4.1+SSE4.2+POPCNT,X86Base+SSE+SSE2,AES+PCLMUL,AvxVnni,SERIALIZE VectorSize=256
// Job: Job-GCAGOG(Toolchain=InProcessEmitToolchain, UnrollFactor=1)

OverheadJitting  1: 1 op, 241400.00 ns, 241.4000 us/op
WorkloadJitting  1: 1 op, 4068900.00 ns, 4.0689 ms/op

WorkloadPilot    1: 4 op, 11693800.00 ns, 2.9235 ms/op
WorkloadPilot    2: 5 op, 13982700.00 ns, 2.7965 ms/op
WorkloadPilot    3: 6 op, 16953600.00 ns, 2.8256 ms/op
WorkloadPilot    4: 7 op, 18871600.00 ns, 2.6959 ms/op
WorkloadPilot    5: 8 op, 21975100.00 ns, 2.7469 ms/op
WorkloadPilot    6: 9 op, 25021600.00 ns, 2.7802 ms/op
WorkloadPilot    7: 10 op, 25715200.00 ns, 2.5715 ms/op
WorkloadPilot    8: 11 op, 27248200.00 ns, 2.4771 ms/op
WorkloadPilot    9: 12 op, 30274600.00 ns, 2.5229 ms/op
WorkloadPilot   10: 13 op, 31841800.00 ns, 2.4494 ms/op
WorkloadPilot   11: 14 op, 34545400.00 ns, 2.4675 ms/op
WorkloadPilot   12: 15 op, 37957900.00 ns, 2.5305 ms/op
WorkloadPilot   13: 16 op, 39338100.00 ns, 2.4586 ms/op
WorkloadPilot   14: 32 op, 85447900.00 ns, 2.6702 ms/op
WorkloadPilot   15: 64 op, 253969200.00 ns, 3.9683 ms/op
WorkloadPilot   16: 128 op, 430204300.00 ns, 3.3610 ms/op
WorkloadPilot   17: 256 op, 767156500.00 ns, 2.9967 ms/op

OverheadWarmup   1: 256 op, 3200.00 ns, 12.5000 ns/op
OverheadWarmup   2: 256 op, 1200.00 ns, 4.6875 ns/op
OverheadWarmup   3: 256 op, 900.00 ns, 3.5156 ns/op
OverheadWarmup   4: 256 op, 700.00 ns, 2.7344 ns/op
OverheadWarmup   5: 256 op, 700.00 ns, 2.7344 ns/op
OverheadWarmup   6: 256 op, 1000.00 ns, 3.9063 ns/op
OverheadWarmup   7: 256 op, 900.00 ns, 3.5156 ns/op
OverheadWarmup   8: 256 op, 1000.00 ns, 3.9063 ns/op

OverheadActual   1: 256 op, 800.00 ns, 3.1250 ns/op
OverheadActual   2: 256 op, 800.00 ns, 3.1250 ns/op
OverheadActual   3: 256 op, 800.00 ns, 3.1250 ns/op
OverheadActual   4: 256 op, 700.00 ns, 2.7344 ns/op
OverheadActual   5: 256 op, 800.00 ns, 3.1250 ns/op
OverheadActual   6: 256 op, 1200.00 ns, 4.6875 ns/op
OverheadActual   7: 256 op, 1100.00 ns, 4.2969 ns/op
OverheadActual   8: 256 op, 1000.00 ns, 3.9063 ns/op
OverheadActual   9: 256 op, 700.00 ns, 2.7344 ns/op
OverheadActual  10: 256 op, 700.00 ns, 2.7344 ns/op
OverheadActual  11: 256 op, 700.00 ns, 2.7344 ns/op
OverheadActual  12: 256 op, 800.00 ns, 3.1250 ns/op
OverheadActual  13: 256 op, 1000.00 ns, 3.9063 ns/op
OverheadActual  14: 256 op, 600.00 ns, 2.3438 ns/op
OverheadActual  15: 256 op, 600.00 ns, 2.3438 ns/op
OverheadActual  16: 256 op, 1000.00 ns, 3.9063 ns/op
OverheadActual  17: 256 op, 900.00 ns, 3.5156 ns/op
OverheadActual  18: 256 op, 600.00 ns, 2.3438 ns/op
OverheadActual  19: 256 op, 700.00 ns, 2.7344 ns/op
OverheadActual  20: 256 op, 700.00 ns, 2.7344 ns/op

WorkloadWarmup   1: 256 op, 811808500.00 ns, 3.1711 ms/op
WorkloadWarmup   2: 256 op, 647687700.00 ns, 2.5300 ms/op
WorkloadWarmup   3: 256 op, 640224300.00 ns, 2.5009 ms/op
WorkloadWarmup   4: 256 op, 631154800.00 ns, 2.4654 ms/op
WorkloadWarmup   5: 256 op, 679499200.00 ns, 2.6543 ms/op
WorkloadWarmup   6: 256 op, 712496800.00 ns, 2.7832 ms/op
WorkloadWarmup   7: 256 op, 755005900.00 ns, 2.9492 ms/op
WorkloadWarmup   8: 256 op, 664627700.00 ns, 2.5962 ms/op
WorkloadWarmup   9: 256 op, 662389200.00 ns, 2.5875 ms/op
WorkloadWarmup  10: 256 op, 744231700.00 ns, 2.9072 ms/op
WorkloadWarmup  11: 256 op, 679837700.00 ns, 2.6556 ms/op

WorkloadActual   1: 256 op, 708956600.00 ns, 2.7694 ms/op
WorkloadActual   2: 256 op, 680026300.00 ns, 2.6564 ms/op
WorkloadActual   3: 256 op, 977449100.00 ns, 3.8182 ms/op
WorkloadActual   4: 256 op, 747341700.00 ns, 2.9193 ms/op
WorkloadActual   5: 256 op, 790250500.00 ns, 3.0869 ms/op
WorkloadActual   6: 256 op, 852384600.00 ns, 3.3296 ms/op
WorkloadActual   7: 256 op, 780852300.00 ns, 3.0502 ms/op
WorkloadActual   8: 256 op, 1379891600.00 ns, 5.3902 ms/op
WorkloadActual   9: 256 op, 1119149500.00 ns, 4.3717 ms/op
WorkloadActual  10: 256 op, 955683800.00 ns, 3.7331 ms/op
WorkloadActual  11: 256 op, 986756400.00 ns, 3.8545 ms/op
WorkloadActual  12: 256 op, 1009453500.00 ns, 3.9432 ms/op
WorkloadActual  13: 256 op, 959960500.00 ns, 3.7498 ms/op
WorkloadActual  14: 256 op, 816606100.00 ns, 3.1899 ms/op
WorkloadActual  15: 256 op, 797150100.00 ns, 3.1139 ms/op
WorkloadActual  16: 256 op, 754184100.00 ns, 2.9460 ms/op
WorkloadActual  17: 256 op, 795064700.00 ns, 3.1057 ms/op
WorkloadActual  18: 256 op, 738141500.00 ns, 2.8834 ms/op
WorkloadActual  19: 256 op, 860766100.00 ns, 3.3624 ms/op
WorkloadActual  20: 256 op, 980223200.00 ns, 3.8290 ms/op
WorkloadActual  21: 256 op, 742443500.00 ns, 2.9002 ms/op
WorkloadActual  22: 256 op, 691357600.00 ns, 2.7006 ms/op
WorkloadActual  23: 256 op, 681557000.00 ns, 2.6623 ms/op
WorkloadActual  24: 256 op, 675836500.00 ns, 2.6400 ms/op
WorkloadActual  25: 256 op, 690610000.00 ns, 2.6977 ms/op
WorkloadActual  26: 256 op, 685432100.00 ns, 2.6775 ms/op
WorkloadActual  27: 256 op, 703917700.00 ns, 2.7497 ms/op
WorkloadActual  28: 256 op, 667594300.00 ns, 2.6078 ms/op
WorkloadActual  29: 256 op, 667317700.00 ns, 2.6067 ms/op
WorkloadActual  30: 256 op, 680281200.00 ns, 2.6573 ms/op
WorkloadActual  31: 256 op, 671671600.00 ns, 2.6237 ms/op
WorkloadActual  32: 256 op, 640473100.00 ns, 2.5018 ms/op
WorkloadActual  33: 256 op, 675284500.00 ns, 2.6378 ms/op
WorkloadActual  34: 256 op, 670568000.00 ns, 2.6194 ms/op
WorkloadActual  35: 256 op, 651535300.00 ns, 2.5451 ms/op
WorkloadActual  36: 256 op, 673532200.00 ns, 2.6310 ms/op
WorkloadActual  37: 256 op, 647903500.00 ns, 2.5309 ms/op
WorkloadActual  38: 256 op, 668858500.00 ns, 2.6127 ms/op
WorkloadActual  39: 256 op, 647435600.00 ns, 2.5290 ms/op
WorkloadActual  40: 256 op, 633641100.00 ns, 2.4752 ms/op
WorkloadActual  41: 256 op, 681678500.00 ns, 2.6628 ms/op
WorkloadActual  42: 256 op, 715198400.00 ns, 2.7937 ms/op
WorkloadActual  43: 256 op, 678605000.00 ns, 2.6508 ms/op
WorkloadActual  44: 256 op, 678867400.00 ns, 2.6518 ms/op
WorkloadActual  45: 256 op, 674564200.00 ns, 2.6350 ms/op
WorkloadActual  46: 256 op, 644999300.00 ns, 2.5195 ms/op
WorkloadActual  47: 256 op, 650861900.00 ns, 2.5424 ms/op
WorkloadActual  48: 256 op, 675943500.00 ns, 2.6404 ms/op
WorkloadActual  49: 256 op, 659955500.00 ns, 2.5780 ms/op
WorkloadActual  50: 256 op, 688608600.00 ns, 2.6899 ms/op
WorkloadActual  51: 256 op, 654889200.00 ns, 2.5582 ms/op
WorkloadActual  52: 256 op, 647366100.00 ns, 2.5288 ms/op
WorkloadActual  53: 256 op, 655086700.00 ns, 2.5589 ms/op
WorkloadActual  54: 256 op, 653843400.00 ns, 2.5541 ms/op
WorkloadActual  55: 256 op, 659924200.00 ns, 2.5778 ms/op
WorkloadActual  56: 256 op, 646251200.00 ns, 2.5244 ms/op
WorkloadActual  57: 256 op, 677414900.00 ns, 2.6462 ms/op
WorkloadActual  58: 256 op, 674073300.00 ns, 2.6331 ms/op
WorkloadActual  59: 256 op, 693275900.00 ns, 2.7081 ms/op
WorkloadActual  60: 256 op, 703275600.00 ns, 2.7472 ms/op
WorkloadActual  61: 256 op, 640142100.00 ns, 2.5006 ms/op
WorkloadActual  62: 256 op, 636487600.00 ns, 2.4863 ms/op
WorkloadActual  63: 256 op, 644936500.00 ns, 2.5193 ms/op
WorkloadActual  64: 256 op, 711319600.00 ns, 2.7786 ms/op
WorkloadActual  65: 256 op, 705100600.00 ns, 2.7543 ms/op
WorkloadActual  66: 256 op, 725339400.00 ns, 2.8334 ms/op
WorkloadActual  67: 256 op, 819106300.00 ns, 3.1996 ms/op
WorkloadActual  68: 256 op, 802576700.00 ns, 3.1351 ms/op
WorkloadActual  69: 256 op, 750529400.00 ns, 2.9318 ms/op
WorkloadActual  70: 256 op, 803193500.00 ns, 3.1375 ms/op
WorkloadActual  71: 256 op, 685303600.00 ns, 2.6770 ms/op
WorkloadActual  72: 256 op, 659971700.00 ns, 2.5780 ms/op
WorkloadActual  73: 256 op, 639231000.00 ns, 2.4970 ms/op
WorkloadActual  74: 256 op, 640594600.00 ns, 2.5023 ms/op
WorkloadActual  75: 256 op, 642571400.00 ns, 2.5100 ms/op
WorkloadActual  76: 256 op, 624299900.00 ns, 2.4387 ms/op
WorkloadActual  77: 256 op, 656852300.00 ns, 2.5658 ms/op
WorkloadActual  78: 256 op, 732006800.00 ns, 2.8594 ms/op
WorkloadActual  79: 256 op, 640503000.00 ns, 2.5020 ms/op
WorkloadActual  80: 256 op, 631686900.00 ns, 2.4675 ms/op
WorkloadActual  81: 256 op, 662108800.00 ns, 2.5864 ms/op
WorkloadActual  82: 256 op, 634512000.00 ns, 2.4786 ms/op
WorkloadActual  83: 256 op, 638820200.00 ns, 2.4954 ms/op
WorkloadActual  84: 256 op, 641241900.00 ns, 2.5049 ms/op
WorkloadActual  85: 256 op, 652912600.00 ns, 2.5504 ms/op
WorkloadActual  86: 256 op, 632915500.00 ns, 2.4723 ms/op
WorkloadActual  87: 256 op, 630965300.00 ns, 2.4647 ms/op
WorkloadActual  88: 256 op, 655227600.00 ns, 2.5595 ms/op
WorkloadActual  89: 256 op, 664235600.00 ns, 2.5947 ms/op
WorkloadActual  90: 256 op, 637981100.00 ns, 2.4921 ms/op
WorkloadActual  91: 256 op, 668721400.00 ns, 2.6122 ms/op
WorkloadActual  92: 256 op, 679427100.00 ns, 2.6540 ms/op
WorkloadActual  93: 256 op, 674789900.00 ns, 2.6359 ms/op
WorkloadActual  94: 256 op, 659109300.00 ns, 2.5746 ms/op
WorkloadActual  95: 256 op, 690267400.00 ns, 2.6964 ms/op
WorkloadActual  96: 256 op, 666459500.00 ns, 2.6034 ms/op
WorkloadActual  97: 256 op, 659446700.00 ns, 2.5760 ms/op
WorkloadActual  98: 256 op, 685660500.00 ns, 2.6784 ms/op
WorkloadActual  99: 256 op, 670813000.00 ns, 2.6204 ms/op
WorkloadActual  100: 256 op, 676507700.00 ns, 2.6426 ms/op

WorkloadResult   1: 256 op, 708955800.00 ns, 2.7694 ms/op
WorkloadResult   2: 256 op, 680025500.00 ns, 2.6563 ms/op
WorkloadResult   3: 256 op, 747340900.00 ns, 2.9193 ms/op
WorkloadResult   4: 256 op, 790249700.00 ns, 3.0869 ms/op
WorkloadResult   5: 256 op, 780851500.00 ns, 3.0502 ms/op
WorkloadResult   6: 256 op, 797149300.00 ns, 3.1139 ms/op
WorkloadResult   7: 256 op, 754183300.00 ns, 2.9460 ms/op
WorkloadResult   8: 256 op, 795063900.00 ns, 3.1057 ms/op
WorkloadResult   9: 256 op, 738140700.00 ns, 2.8834 ms/op
WorkloadResult  10: 256 op, 742442700.00 ns, 2.9002 ms/op
WorkloadResult  11: 256 op, 691356800.00 ns, 2.7006 ms/op
WorkloadResult  12: 256 op, 681556200.00 ns, 2.6623 ms/op
WorkloadResult  13: 256 op, 675835700.00 ns, 2.6400 ms/op
WorkloadResult  14: 256 op, 690609200.00 ns, 2.6977 ms/op
WorkloadResult  15: 256 op, 685431300.00 ns, 2.6775 ms/op
WorkloadResult  16: 256 op, 703916900.00 ns, 2.7497 ms/op
WorkloadResult  17: 256 op, 667593500.00 ns, 2.6078 ms/op
WorkloadResult  18: 256 op, 667316900.00 ns, 2.6067 ms/op
WorkloadResult  19: 256 op, 680280400.00 ns, 2.6573 ms/op
WorkloadResult  20: 256 op, 671670800.00 ns, 2.6237 ms/op
WorkloadResult  21: 256 op, 640472300.00 ns, 2.5018 ms/op
WorkloadResult  22: 256 op, 675283700.00 ns, 2.6378 ms/op
WorkloadResult  23: 256 op, 670567200.00 ns, 2.6194 ms/op
WorkloadResult  24: 256 op, 651534500.00 ns, 2.5451 ms/op
WorkloadResult  25: 256 op, 673531400.00 ns, 2.6310 ms/op
WorkloadResult  26: 256 op, 647902700.00 ns, 2.5309 ms/op
WorkloadResult  27: 256 op, 668857700.00 ns, 2.6127 ms/op
WorkloadResult  28: 256 op, 647434800.00 ns, 2.5290 ms/op
WorkloadResult  29: 256 op, 633640300.00 ns, 2.4752 ms/op
WorkloadResult  30: 256 op, 681677700.00 ns, 2.6628 ms/op
WorkloadResult  31: 256 op, 715197600.00 ns, 2.7937 ms/op
WorkloadResult  32: 256 op, 678604200.00 ns, 2.6508 ms/op
WorkloadResult  33: 256 op, 678866600.00 ns, 2.6518 ms/op
WorkloadResult  34: 256 op, 674563400.00 ns, 2.6350 ms/op
WorkloadResult  35: 256 op, 644998500.00 ns, 2.5195 ms/op
WorkloadResult  36: 256 op, 650861100.00 ns, 2.5424 ms/op
WorkloadResult  37: 256 op, 675942700.00 ns, 2.6404 ms/op
WorkloadResult  38: 256 op, 659954700.00 ns, 2.5779 ms/op
WorkloadResult  39: 256 op, 688607800.00 ns, 2.6899 ms/op
WorkloadResult  40: 256 op, 654888400.00 ns, 2.5582 ms/op
WorkloadResult  41: 256 op, 647365300.00 ns, 2.5288 ms/op
WorkloadResult  42: 256 op, 655085900.00 ns, 2.5589 ms/op
WorkloadResult  43: 256 op, 653842600.00 ns, 2.5541 ms/op
WorkloadResult  44: 256 op, 659923400.00 ns, 2.5778 ms/op
WorkloadResult  45: 256 op, 646250400.00 ns, 2.5244 ms/op
WorkloadResult  46: 256 op, 677414100.00 ns, 2.6461 ms/op
WorkloadResult  47: 256 op, 674072500.00 ns, 2.6331 ms/op
WorkloadResult  48: 256 op, 693275100.00 ns, 2.7081 ms/op
WorkloadResult  49: 256 op, 703274800.00 ns, 2.7472 ms/op
WorkloadResult  50: 256 op, 640141300.00 ns, 2.5006 ms/op
WorkloadResult  51: 256 op, 636486800.00 ns, 2.4863 ms/op
WorkloadResult  52: 256 op, 644935700.00 ns, 2.5193 ms/op
WorkloadResult  53: 256 op, 711318800.00 ns, 2.7786 ms/op
WorkloadResult  54: 256 op, 705099800.00 ns, 2.7543 ms/op
WorkloadResult  55: 256 op, 725338600.00 ns, 2.8334 ms/op
WorkloadResult  56: 256 op, 802575900.00 ns, 3.1351 ms/op
WorkloadResult  57: 256 op, 750528600.00 ns, 2.9318 ms/op
WorkloadResult  58: 256 op, 803192700.00 ns, 3.1375 ms/op
WorkloadResult  59: 256 op, 685302800.00 ns, 2.6770 ms/op
WorkloadResult  60: 256 op, 659970900.00 ns, 2.5780 ms/op
WorkloadResult  61: 256 op, 639230200.00 ns, 2.4970 ms/op
WorkloadResult  62: 256 op, 640593800.00 ns, 2.5023 ms/op
WorkloadResult  63: 256 op, 642570600.00 ns, 2.5100 ms/op
WorkloadResult  64: 256 op, 624299100.00 ns, 2.4387 ms/op
WorkloadResult  65: 256 op, 656851500.00 ns, 2.5658 ms/op
WorkloadResult  66: 256 op, 732006000.00 ns, 2.8594 ms/op
WorkloadResult  67: 256 op, 640502200.00 ns, 2.5020 ms/op
WorkloadResult  68: 256 op, 631686100.00 ns, 2.4675 ms/op
WorkloadResult  69: 256 op, 662108000.00 ns, 2.5864 ms/op
WorkloadResult  70: 256 op, 634511200.00 ns, 2.4786 ms/op
WorkloadResult  71: 256 op, 638819400.00 ns, 2.4954 ms/op
WorkloadResult  72: 256 op, 641241100.00 ns, 2.5048 ms/op
WorkloadResult  73: 256 op, 652911800.00 ns, 2.5504 ms/op
WorkloadResult  74: 256 op, 632914700.00 ns, 2.4723 ms/op
WorkloadResult  75: 256 op, 630964500.00 ns, 2.4647 ms/op
WorkloadResult  76: 256 op, 655226800.00 ns, 2.5595 ms/op
WorkloadResult  77: 256 op, 664234800.00 ns, 2.5947 ms/op
WorkloadResult  78: 256 op, 637980300.00 ns, 2.4921 ms/op
WorkloadResult  79: 256 op, 668720600.00 ns, 2.6122 ms/op
WorkloadResult  80: 256 op, 679426300.00 ns, 2.6540 ms/op
WorkloadResult  81: 256 op, 674789100.00 ns, 2.6359 ms/op
WorkloadResult  82: 256 op, 659108500.00 ns, 2.5746 ms/op
WorkloadResult  83: 256 op, 690266600.00 ns, 2.6964 ms/op
WorkloadResult  84: 256 op, 666458700.00 ns, 2.6034 ms/op
WorkloadResult  85: 256 op, 659445900.00 ns, 2.5760 ms/op
WorkloadResult  86: 256 op, 685659700.00 ns, 2.6784 ms/op
WorkloadResult  87: 256 op, 670812200.00 ns, 2.6204 ms/op
WorkloadResult  88: 256 op, 676506900.00 ns, 2.6426 ms/op
// GC:  1 0 0 14687872 256
// Threading:  2563 7 256


Mean = 2.656 ms, StdErr = 0.018 ms (0.67%), N = 88, StdDev = 0.167 ms
Min = 2.439 ms, Q1 = 2.540 ms, Median = 2.622 ms, Q3 = 2.697 ms, Max = 3.137 ms
IQR = 0.157 ms, LowerFence = 2.304 ms, UpperFence = 2.932 ms
ConfidenceInterval = [2.595 ms; 2.716 ms] (CI 99.9%), Margin = 0.061 ms (2.28% of Mean)
Skewness = 1.37, Kurtosis = 4.34, MValue = 2.13

// ** Remained 2 (33.3%) benchmark(s) to run. Estimated finish 2026-10-06 15:46 (0h 1m from now) **
Setup power plan (GUID: 8c5e7fda-e8bf-4a96-9a85-a6e23a8c635c FriendlyName: High performance)
// **************************
// Benchmark: FollowerLeases.PerPage: Job-GCAGOG(Toolchain=InProcessEmitToolchain, UnrollFactor=1) [PageSize=64, ConsumerDelayMilliseconds=0]
// *** Execute ***
// Launch: 1 / 1

// Benchmark Process Environment Information:
// BenchmarkDotNet v0.15.8
// Runtime=.NET 10.0.12 (10.0.12, 10.0.1226.42308), X64 RyuJIT x86-64-v3
// GC=Concurrent Workstation
// HardwareIntrinsics=AVX2+BMI1+BMI2+F16C+FMA+LZCNT+MOVBE,AVX,SSE3+SSSE3+SSE4.1+SSE4.2+POPCNT,X86Base+SSE+SSE2,AES+PCLMUL,AvxVnni,SERIALIZE VectorSize=256
// Job: Job-GCAGOG(Toolchain=InProcessEmitToolchain, UnrollFactor=1)

OverheadJitting  1: 1 op, 236900.00 ns, 236.9000 us/op
WorkloadJitting  1: 1 op, 1485900.00 ns, 1.4859 ms/op

WorkloadPilot    1: 4 op, 1810600.00 ns, 452.6500 us/op
WorkloadPilot    2: 5 op, 2109600.00 ns, 421.9200 us/op
WorkloadPilot    3: 6 op, 2566000.00 ns, 427.6667 us/op
WorkloadPilot    4: 7 op, 3060700.00 ns, 437.2429 us/op
WorkloadPilot    5: 8 op, 3047600.00 ns, 380.9500 us/op
WorkloadPilot    6: 9 op, 3976800.00 ns, 441.8667 us/op
WorkloadPilot    7: 10 op, 4061800.00 ns, 406.1800 us/op
WorkloadPilot    8: 11 op, 5201800.00 ns, 472.8909 us/op
WorkloadPilot    9: 12 op, 5771300.00 ns, 480.9417 us/op
WorkloadPilot   10: 13 op, 5751600.00 ns, 442.4308 us/op
WorkloadPilot   11: 14 op, 6103700.00 ns, 435.9786 us/op
WorkloadPilot   12: 15 op, 6867600.00 ns, 457.8400 us/op
WorkloadPilot   13: 16 op, 6789700.00 ns, 424.3563 us/op
WorkloadPilot   14: 32 op, 12635300.00 ns, 394.8531 us/op
WorkloadPilot   15: 64 op, 25748200.00 ns, 402.3156 us/op
WorkloadPilot   16: 128 op, 52583500.00 ns, 410.8086 us/op
WorkloadPilot   17: 256 op, 108821700.00 ns, 425.0848 us/op
WorkloadPilot   18: 512 op, 198341100.00 ns, 387.3850 us/op
WorkloadPilot   19: 1024 op, 363498900.00 ns, 354.9794 us/op
WorkloadPilot   20: 2048 op, 729393900.00 ns, 356.1494 us/op

OverheadWarmup   1: 2048 op, 5100.00 ns, 2.4902 ns/op
OverheadWarmup   2: 2048 op, 3400.00 ns, 1.6602 ns/op
OverheadWarmup   3: 2048 op, 3200.00 ns, 1.5625 ns/op
OverheadWarmup   4: 2048 op, 3200.00 ns, 1.5625 ns/op
OverheadWarmup   5: 2048 op, 3100.00 ns, 1.5137 ns/op
OverheadWarmup   6: 2048 op, 3200.00 ns, 1.5625 ns/op
OverheadWarmup   7: 2048 op, 3200.00 ns, 1.5625 ns/op

OverheadActual   1: 2048 op, 3100.00 ns, 1.5137 ns/op
OverheadActual   2: 2048 op, 3200.00 ns, 1.5625 ns/op
OverheadActual   3: 2048 op, 3200.00 ns, 1.5625 ns/op
OverheadActual   4: 2048 op, 3100.00 ns, 1.5137 ns/op
OverheadActual   5: 2048 op, 3100.00 ns, 1.5137 ns/op
OverheadActual   6: 2048 op, 3100.00 ns, 1.5137 ns/op
OverheadActual   7: 2048 op, 3100.00 ns, 1.5137 ns/op
OverheadActual   8: 2048 op, 3100.00 ns, 1.5137 ns/op
OverheadActual   9: 2048 op, 3100.00 ns, 1.5137 ns/op
OverheadActual  10: 2048 op, 3100.00 ns, 1.5137 ns/op
OverheadActual  11: 2048 op, 3100.00 ns, 1.5137 ns/op
OverheadActual  12: 2048 op, 3100.00 ns, 1.5137 ns/op
OverheadActual  13: 2048 op, 3100.00 ns, 1.5137 ns/op
OverheadActual  14: 2048 op, 3100.00 ns, 1.5137 ns/op
OverheadActual  15: 2048 op, 3100.00 ns, 1.5137 ns/op

WorkloadWarmup   1: 2048 op, 728541000.00 ns, 355.7329 us/op
WorkloadWarmup   2: 2048 op, 698287100.00 ns, 340.9605 us/op
WorkloadWarmup   3: 2048 op, 703995200.00 ns, 343.7477 us/op
WorkloadWarmup   4: 2048 op, 783446100.00 ns, 382.5420 us/op
WorkloadWarmup   5: 2048 op, 754494300.00 ns, 368.4054 us/op
WorkloadWarmup   6: 2048 op, 738044100.00 ns, 360.3731 us/op
WorkloadWarmup   7: 2048 op, 739020300.00 ns, 360.8498 us/op
WorkloadWarmup   8: 2048 op, 737464500.00 ns, 360.0901 us/op

WorkloadActual   1: 2048 op, 713639700.00 ns, 348.4569 us/op
WorkloadActual   2: 2048 op, 757940500.00 ns, 370.0881 us/op
WorkloadActual   3: 2048 op, 752452400.00 ns, 367.4084 us/op
WorkloadActual   4: 2048 op, 737343900.00 ns, 360.0312 us/op
WorkloadActual   5: 2048 op, 739950600.00 ns, 361.3040 us/op
WorkloadActual   6: 2048 op, 706018700.00 ns, 344.7357 us/op
WorkloadActual   7: 2048 op, 699387600.00 ns, 341.4979 us/op
WorkloadActual   8: 2048 op, 690475900.00 ns, 337.1464 us/op
WorkloadActual   9: 2048 op, 724132000.00 ns, 353.5801 us/op
WorkloadActual  10: 2048 op, 720285400.00 ns, 351.7019 us/op
WorkloadActual  11: 2048 op, 724803800.00 ns, 353.9081 us/op
WorkloadActual  12: 2048 op, 707059300.00 ns, 345.2438 us/op
WorkloadActual  13: 2048 op, 693236100.00 ns, 338.4942 us/op
WorkloadActual  14: 2048 op, 776660900.00 ns, 379.2290 us/op
WorkloadActual  15: 2048 op, 717252300.00 ns, 350.2208 us/op
WorkloadActual  16: 2048 op, 758240700.00 ns, 370.2347 us/op
WorkloadActual  17: 2048 op, 751136300.00 ns, 366.7658 us/op
WorkloadActual  18: 2048 op, 733336700.00 ns, 358.0746 us/op
WorkloadActual  19: 2048 op, 714124800.00 ns, 348.6938 us/op
WorkloadActual  20: 2048 op, 774919500.00 ns, 378.3787 us/op
WorkloadActual  21: 2048 op, 775719100.00 ns, 378.7691 us/op
WorkloadActual  22: 2048 op, 779939000.00 ns, 380.8296 us/op
WorkloadActual  23: 2048 op, 737976100.00 ns, 360.3399 us/op
WorkloadActual  24: 2048 op, 724285200.00 ns, 353.6549 us/op
WorkloadActual  25: 2048 op, 737016400.00 ns, 359.8713 us/op
WorkloadActual  26: 2048 op, 722032800.00 ns, 352.5551 us/op
WorkloadActual  27: 2048 op, 714379400.00 ns, 348.8181 us/op
WorkloadActual  28: 2048 op, 725810300.00 ns, 354.3996 us/op
WorkloadActual  29: 2048 op, 760498300.00 ns, 371.3371 us/op
WorkloadActual  30: 2048 op, 734376500.00 ns, 358.5823 us/op
WorkloadActual  31: 2048 op, 721866000.00 ns, 352.4736 us/op
WorkloadActual  32: 2048 op, 760086100.00 ns, 371.1358 us/op
WorkloadActual  33: 2048 op, 772427100.00 ns, 377.1617 us/op
WorkloadActual  34: 2048 op, 702227300.00 ns, 342.8844 us/op
WorkloadActual  35: 2048 op, 695864600.00 ns, 339.7776 us/op
WorkloadActual  36: 2048 op, 699377300.00 ns, 341.4928 us/op
WorkloadActual  37: 2048 op, 781472200.00 ns, 381.5782 us/op
WorkloadActual  38: 2048 op, 746981500.00 ns, 364.7371 us/op
WorkloadActual  39: 2048 op, 718089500.00 ns, 350.6296 us/op
WorkloadActual  40: 2048 op, 701650300.00 ns, 342.6027 us/op
WorkloadActual  41: 2048 op, 710978100.00 ns, 347.1573 us/op
WorkloadActual  42: 2048 op, 703790700.00 ns, 343.6478 us/op

WorkloadResult   1: 2048 op, 713636600.00 ns, 348.4554 us/op
WorkloadResult   2: 2048 op, 757937400.00 ns, 370.0866 us/op
WorkloadResult   3: 2048 op, 752449300.00 ns, 367.4069 us/op
WorkloadResult   4: 2048 op, 737340800.00 ns, 360.0297 us/op
WorkloadResult   5: 2048 op, 739947500.00 ns, 361.3025 us/op
WorkloadResult   6: 2048 op, 706015600.00 ns, 344.7342 us/op
WorkloadResult   7: 2048 op, 699384500.00 ns, 341.4963 us/op
WorkloadResult   8: 2048 op, 690472800.00 ns, 337.1449 us/op
WorkloadResult   9: 2048 op, 724128900.00 ns, 353.5786 us/op
WorkloadResult  10: 2048 op, 720282300.00 ns, 351.7003 us/op
WorkloadResult  11: 2048 op, 724800700.00 ns, 353.9066 us/op
WorkloadResult  12: 2048 op, 707056200.00 ns, 345.2423 us/op
WorkloadResult  13: 2048 op, 693233000.00 ns, 338.4927 us/op
WorkloadResult  14: 2048 op, 776657800.00 ns, 379.2274 us/op
WorkloadResult  15: 2048 op, 717249200.00 ns, 350.2193 us/op
WorkloadResult  16: 2048 op, 758237600.00 ns, 370.2332 us/op
WorkloadResult  17: 2048 op, 751133200.00 ns, 366.7643 us/op
WorkloadResult  18: 2048 op, 733333600.00 ns, 358.0730 us/op
WorkloadResult  19: 2048 op, 714121700.00 ns, 348.6922 us/op
WorkloadResult  20: 2048 op, 774916400.00 ns, 378.3771 us/op
WorkloadResult  21: 2048 op, 775716000.00 ns, 378.7676 us/op
WorkloadResult  22: 2048 op, 779935900.00 ns, 380.8281 us/op
WorkloadResult  23: 2048 op, 737973000.00 ns, 360.3384 us/op
WorkloadResult  24: 2048 op, 724282100.00 ns, 353.6534 us/op
WorkloadResult  25: 2048 op, 737013300.00 ns, 359.8698 us/op
WorkloadResult  26: 2048 op, 722029700.00 ns, 352.5536 us/op
WorkloadResult  27: 2048 op, 714376300.00 ns, 348.8166 us/op
WorkloadResult  28: 2048 op, 725807200.00 ns, 354.3980 us/op
WorkloadResult  29: 2048 op, 760495200.00 ns, 371.3355 us/op
WorkloadResult  30: 2048 op, 734373400.00 ns, 358.5808 us/op
WorkloadResult  31: 2048 op, 721862900.00 ns, 352.4721 us/op
WorkloadResult  32: 2048 op, 760083000.00 ns, 371.1343 us/op
WorkloadResult  33: 2048 op, 772424000.00 ns, 377.1602 us/op
WorkloadResult  34: 2048 op, 702224200.00 ns, 342.8829 us/op
WorkloadResult  35: 2048 op, 695861500.00 ns, 339.7761 us/op
WorkloadResult  36: 2048 op, 699374200.00 ns, 341.4913 us/op
WorkloadResult  37: 2048 op, 781469100.00 ns, 381.5767 us/op
WorkloadResult  38: 2048 op, 746978400.00 ns, 364.7355 us/op
WorkloadResult  39: 2048 op, 718086400.00 ns, 350.6281 us/op
WorkloadResult  40: 2048 op, 701647200.00 ns, 342.6012 us/op
WorkloadResult  41: 2048 op, 710975000.00 ns, 347.1558 us/op
WorkloadResult  42: 2048 op, 703787600.00 ns, 343.6463 us/op
// GC:  6 0 0 82445968 2048
// Threading:  4352 7 2048


Mean = 357.133 us, StdErr = 2.010 us (0.56%), N = 42, StdDev = 13.026 us
Min = 337.145 us, Q1 = 347.481 us, Median = 353.780 us, Q3 = 367.246 us, Max = 381.577 us
IQR = 19.766 us, LowerFence = 317.832 us, UpperFence = 396.895 us
ConfidenceInterval = [350.009 us; 364.256 us] (CI 99.9%), Margin = 7.123 us (1.99% of Mean)
Skewness = 0.39, Kurtosis = 1.94, MValue = 2.13

// ** Remained 1 (16.7%) benchmark(s) to run. Estimated finish 2026-10-06 15:46 (0h 0m from now) **
Setup power plan (GUID: 8c5e7fda-e8bf-4a96-9a85-a6e23a8c635c FriendlyName: High performance)
// **************************
// Benchmark: FollowerLeases.PersistentPrototype: Job-GCAGOG(Toolchain=InProcessEmitToolchain, UnrollFactor=1) [PageSize=64, ConsumerDelayMilliseconds=0]
// *** Execute ***
// Launch: 1 / 1

// Benchmark Process Environment Information:
// BenchmarkDotNet v0.15.8
// Runtime=.NET 10.0.12 (10.0.12, 10.0.1226.42308), X64 RyuJIT x86-64-v3
// GC=Concurrent Workstation
// HardwareIntrinsics=AVX2+BMI1+BMI2+F16C+FMA+LZCNT+MOVBE,AVX,SSE3+SSSE3+SSE4.1+SSE4.2+POPCNT,X86Base+SSE+SSE2,AES+PCLMUL,AvxVnni,SERIALIZE VectorSize=256
// Job: Job-GCAGOG(Toolchain=InProcessEmitToolchain, UnrollFactor=1)

OverheadJitting  1: 1 op, 198400.00 ns, 198.4000 us/op
WorkloadJitting  1: 1 op, 1023700.00 ns, 1.0237 ms/op

WorkloadPilot    1: 4 op, 1456400.00 ns, 364.1000 us/op
WorkloadPilot    2: 5 op, 1903700.00 ns, 380.7400 us/op
WorkloadPilot    3: 6 op, 1964200.00 ns, 327.3667 us/op
WorkloadPilot    4: 7 op, 2371000.00 ns, 338.7143 us/op
WorkloadPilot    5: 8 op, 2498800.00 ns, 312.3500 us/op
WorkloadPilot    6: 9 op, 3304500.00 ns, 367.1667 us/op
WorkloadPilot    7: 10 op, 3336700.00 ns, 333.6700 us/op
WorkloadPilot    8: 11 op, 3435300.00 ns, 312.3000 us/op
WorkloadPilot    9: 12 op, 4066600.00 ns, 338.8833 us/op
WorkloadPilot   10: 13 op, 4540000.00 ns, 349.2308 us/op
WorkloadPilot   11: 14 op, 5886000.00 ns, 420.4286 us/op
WorkloadPilot   12: 15 op, 5468200.00 ns, 364.5467 us/op
WorkloadPilot   13: 16 op, 6207000.00 ns, 387.9375 us/op
WorkloadPilot   14: 32 op, 11618100.00 ns, 363.0656 us/op
WorkloadPilot   15: 64 op, 22758000.00 ns, 355.5938 us/op
WorkloadPilot   16: 128 op, 53676200.00 ns, 419.3453 us/op
WorkloadPilot   17: 256 op, 101022500.00 ns, 394.6191 us/op
WorkloadPilot   18: 512 op, 203942200.00 ns, 398.3246 us/op
WorkloadPilot   19: 1024 op, 374172600.00 ns, 365.4029 us/op
WorkloadPilot   20: 2048 op, 720692600.00 ns, 351.9007 us/op

OverheadWarmup   1: 2048 op, 5300.00 ns, 2.5879 ns/op
OverheadWarmup   2: 2048 op, 3100.00 ns, 1.5137 ns/op
OverheadWarmup   3: 2048 op, 3200.00 ns, 1.5625 ns/op
OverheadWarmup   4: 2048 op, 3200.00 ns, 1.5625 ns/op
OverheadWarmup   5: 2048 op, 3200.00 ns, 1.5625 ns/op
OverheadWarmup   6: 2048 op, 3100.00 ns, 1.5137 ns/op

OverheadActual   1: 2048 op, 3200.00 ns, 1.5625 ns/op
OverheadActual   2: 2048 op, 3200.00 ns, 1.5625 ns/op
OverheadActual   3: 2048 op, 3300.00 ns, 1.6113 ns/op
OverheadActual   4: 2048 op, 3200.00 ns, 1.5625 ns/op
OverheadActual   5: 2048 op, 3200.00 ns, 1.5625 ns/op
OverheadActual   6: 2048 op, 3200.00 ns, 1.5625 ns/op
OverheadActual   7: 2048 op, 3100.00 ns, 1.5137 ns/op
OverheadActual   8: 2048 op, 3100.00 ns, 1.5137 ns/op
OverheadActual   9: 2048 op, 3100.00 ns, 1.5137 ns/op
OverheadActual  10: 2048 op, 3100.00 ns, 1.5137 ns/op
OverheadActual  11: 2048 op, 3100.00 ns, 1.5137 ns/op
OverheadActual  12: 2048 op, 3200.00 ns, 1.5625 ns/op
OverheadActual  13: 2048 op, 3100.00 ns, 1.5137 ns/op
OverheadActual  14: 2048 op, 3200.00 ns, 1.5625 ns/op
OverheadActual  15: 2048 op, 3100.00 ns, 1.5137 ns/op

WorkloadWarmup   1: 2048 op, 727314300.00 ns, 355.1339 us/op
WorkloadWarmup   2: 2048 op, 721975700.00 ns, 352.5272 us/op
WorkloadWarmup   3: 2048 op, 741170100.00 ns, 361.8995 us/op
WorkloadWarmup   4: 2048 op, 709227300.00 ns, 346.3024 us/op
WorkloadWarmup   5: 2048 op, 785528600.00 ns, 383.5589 us/op
WorkloadWarmup   6: 2048 op, 798601000.00 ns, 389.9419 us/op
WorkloadWarmup   7: 2048 op, 750835100.00 ns, 366.6187 us/op

WorkloadActual   1: 2048 op, 735678600.00 ns, 359.2181 us/op
WorkloadActual   2: 2048 op, 787245300.00 ns, 384.3971 us/op
WorkloadActual   3: 2048 op, 749098400.00 ns, 365.7707 us/op
WorkloadActual   4: 2048 op, 808344100.00 ns, 394.6993 us/op
WorkloadActual   5: 2048 op, 856805200.00 ns, 418.3619 us/op
WorkloadActual   6: 2048 op, 853470000.00 ns, 416.7334 us/op
WorkloadActual   7: 2048 op, 909297500.00 ns, 443.9929 us/op
WorkloadActual   8: 2048 op, 791287200.00 ns, 386.3707 us/op
WorkloadActual   9: 2048 op, 796473800.00 ns, 388.9032 us/op
WorkloadActual  10: 2048 op, 793964200.00 ns, 387.6778 us/op
WorkloadActual  11: 2048 op, 761344600.00 ns, 371.7503 us/op
WorkloadActual  12: 2048 op, 802454700.00 ns, 391.8236 us/op
WorkloadActual  13: 2048 op, 752911000.00 ns, 367.6323 us/op
WorkloadActual  14: 2048 op, 694086800.00 ns, 338.9096 us/op
WorkloadActual  15: 2048 op, 772811200.00 ns, 377.3492 us/op
WorkloadActual  16: 2048 op, 784887500.00 ns, 383.2458 us/op
WorkloadActual  17: 2048 op, 768966100.00 ns, 375.4717 us/op
WorkloadActual  18: 2048 op, 806395000.00 ns, 393.7476 us/op
WorkloadActual  19: 2048 op, 746252100.00 ns, 364.3809 us/op
WorkloadActual  20: 2048 op, 754438400.00 ns, 368.3781 us/op
WorkloadActual  21: 2048 op, 699739600.00 ns, 341.6697 us/op
WorkloadActual  22: 2048 op, 708428600.00 ns, 345.9124 us/op
WorkloadActual  23: 2048 op, 715550200.00 ns, 349.3897 us/op
WorkloadActual  24: 2048 op, 787293700.00 ns, 384.4208 us/op
WorkloadActual  25: 2048 op, 803641400.00 ns, 392.4030 us/op
WorkloadActual  26: 2048 op, 783614100.00 ns, 382.6241 us/op
WorkloadActual  27: 2048 op, 748665400.00 ns, 365.5593 us/op
WorkloadActual  28: 2048 op, 737219700.00 ns, 359.9706 us/op
WorkloadActual  29: 2048 op, 767437000.00 ns, 374.7251 us/op
WorkloadActual  30: 2048 op, 778644000.00 ns, 380.1973 us/op
WorkloadActual  31: 2048 op, 754529000.00 ns, 368.4224 us/op
WorkloadActual  32: 2048 op, 723961200.00 ns, 353.4967 us/op
WorkloadActual  33: 2048 op, 738810600.00 ns, 360.7474 us/op
WorkloadActual  34: 2048 op, 769078800.00 ns, 375.5268 us/op
WorkloadActual  35: 2048 op, 721266200.00 ns, 352.1808 us/op
WorkloadActual  36: 2048 op, 771023000.00 ns, 376.4761 us/op
WorkloadActual  37: 2048 op, 819156800.00 ns, 399.9789 us/op
WorkloadActual  38: 2048 op, 837056500.00 ns, 408.7190 us/op
WorkloadActual  39: 2048 op, 838525800.00 ns, 409.4364 us/op
WorkloadActual  40: 2048 op, 764835600.00 ns, 373.4549 us/op
WorkloadActual  41: 2048 op, 737997400.00 ns, 360.3503 us/op
WorkloadActual  42: 2048 op, 762508000.00 ns, 372.3184 us/op
WorkloadActual  43: 2048 op, 905330100.00 ns, 442.0557 us/op
WorkloadActual  44: 2048 op, 875714000.00 ns, 427.5947 us/op
WorkloadActual  45: 2048 op, 823640900.00 ns, 402.1684 us/op
WorkloadActual  46: 2048 op, 825213200.00 ns, 402.9361 us/op
WorkloadActual  47: 2048 op, 802064300.00 ns, 391.6330 us/op
WorkloadActual  48: 2048 op, 779158300.00 ns, 380.4484 us/op
WorkloadActual  49: 2048 op, 751802000.00 ns, 367.0908 us/op
WorkloadActual  50: 2048 op, 769923300.00 ns, 375.9391 us/op
WorkloadActual  51: 2048 op, 779173900.00 ns, 380.4560 us/op
WorkloadActual  52: 2048 op, 754592300.00 ns, 368.4533 us/op
WorkloadActual  53: 2048 op, 751451100.00 ns, 366.9195 us/op
WorkloadActual  54: 2048 op, 774258700.00 ns, 378.0560 us/op
WorkloadActual  55: 2048 op, 830673300.00 ns, 405.6022 us/op
WorkloadActual  56: 2048 op, 825885100.00 ns, 403.2642 us/op
WorkloadActual  57: 2048 op, 843686400.00 ns, 411.9563 us/op
WorkloadActual  58: 2048 op, 816478100.00 ns, 398.6709 us/op
WorkloadActual  59: 2048 op, 779348400.00 ns, 380.5412 us/op
WorkloadActual  60: 2048 op, 775029300.00 ns, 378.4323 us/op
WorkloadActual  61: 2048 op, 753961100.00 ns, 368.1451 us/op
WorkloadActual  62: 2048 op, 901879300.00 ns, 440.3708 us/op
WorkloadActual  63: 2048 op, 794283100.00 ns, 387.8335 us/op
WorkloadActual  64: 2048 op, 825991900.00 ns, 403.3164 us/op
WorkloadActual  65: 2048 op, 744687900.00 ns, 363.6171 us/op
WorkloadActual  66: 2048 op, 727820400.00 ns, 355.3811 us/op
WorkloadActual  67: 2048 op, 798006200.00 ns, 389.6515 us/op
WorkloadActual  68: 2048 op, 707810700.00 ns, 345.6107 us/op
WorkloadActual  69: 2048 op, 715065800.00 ns, 349.1532 us/op
WorkloadActual  70: 2048 op, 696186300.00 ns, 339.9347 us/op
WorkloadActual  71: 2048 op, 716028800.00 ns, 349.6234 us/op
WorkloadActual  72: 2048 op, 755537100.00 ns, 368.9146 us/op
WorkloadActual  73: 2048 op, 706769700.00 ns, 345.1024 us/op
WorkloadActual  74: 2048 op, 723933400.00 ns, 353.4831 us/op
WorkloadActual  75: 2048 op, 753419800.00 ns, 367.8808 us/op
WorkloadActual  76: 2048 op, 696622700.00 ns, 340.1478 us/op
WorkloadActual  77: 2048 op, 709123500.00 ns, 346.2517 us/op
WorkloadActual  78: 2048 op, 770278500.00 ns, 376.1125 us/op
WorkloadActual  79: 2048 op, 749674100.00 ns, 366.0518 us/op
WorkloadActual  80: 2048 op, 716892100.00 ns, 350.0450 us/op
WorkloadActual  81: 2048 op, 833274700.00 ns, 406.8724 us/op
WorkloadActual  82: 2048 op, 782987600.00 ns, 382.3182 us/op
WorkloadActual  83: 2048 op, 716082000.00 ns, 349.6494 us/op
WorkloadActual  84: 2048 op, 828529800.00 ns, 404.5556 us/op
WorkloadActual  85: 2048 op, 833069300.00 ns, 406.7721 us/op
WorkloadActual  86: 2048 op, 1210228600.00 ns, 590.9319 us/op
WorkloadActual  87: 2048 op, 949887600.00 ns, 463.8123 us/op
WorkloadActual  88: 2048 op, 922541500.00 ns, 450.4597 us/op
WorkloadActual  89: 2048 op, 858150200.00 ns, 419.0187 us/op
WorkloadActual  90: 2048 op, 867578500.00 ns, 423.6223 us/op
WorkloadActual  91: 2048 op, 842707800.00 ns, 411.4784 us/op
WorkloadActual  92: 2048 op, 962055500.00 ns, 469.7537 us/op
WorkloadActual  93: 2048 op, 824502600.00 ns, 402.5892 us/op
WorkloadActual  94: 2048 op, 807036000.00 ns, 394.0605 us/op
WorkloadActual  95: 2048 op, 784058400.00 ns, 382.8410 us/op
WorkloadActual  96: 2048 op, 825225700.00 ns, 402.9422 us/op
WorkloadActual  97: 2048 op, 891085000.00 ns, 435.1001 us/op
WorkloadActual  98: 2048 op, 820212300.00 ns, 400.4943 us/op
WorkloadActual  99: 2048 op, 913032300.00 ns, 445.8166 us/op
WorkloadActual  100: 2048 op, 869621900.00 ns, 424.6201 us/op

WorkloadResult   1: 2048 op, 735675400.00 ns, 359.2165 us/op
WorkloadResult   2: 2048 op, 787242100.00 ns, 384.3956 us/op
WorkloadResult   3: 2048 op, 749095200.00 ns, 365.7691 us/op
WorkloadResult   4: 2048 op, 808340900.00 ns, 394.6977 us/op
WorkloadResult   5: 2048 op, 856802000.00 ns, 418.3604 us/op
WorkloadResult   6: 2048 op, 853466800.00 ns, 416.7318 us/op
WorkloadResult   7: 2048 op, 909294300.00 ns, 443.9914 us/op
WorkloadResult   8: 2048 op, 791284000.00 ns, 386.3691 us/op
WorkloadResult   9: 2048 op, 796470600.00 ns, 388.9017 us/op
WorkloadResult  10: 2048 op, 793961000.00 ns, 387.6763 us/op
WorkloadResult  11: 2048 op, 761341400.00 ns, 371.7487 us/op
WorkloadResult  12: 2048 op, 802451500.00 ns, 391.8220 us/op
WorkloadResult  13: 2048 op, 752907800.00 ns, 367.6308 us/op
WorkloadResult  14: 2048 op, 694083600.00 ns, 338.9080 us/op
WorkloadResult  15: 2048 op, 772808000.00 ns, 377.3477 us/op
WorkloadResult  16: 2048 op, 784884300.00 ns, 383.2443 us/op
WorkloadResult  17: 2048 op, 768962900.00 ns, 375.4702 us/op
WorkloadResult  18: 2048 op, 806391800.00 ns, 393.7460 us/op
WorkloadResult  19: 2048 op, 746248900.00 ns, 364.3793 us/op
WorkloadResult  20: 2048 op, 754435200.00 ns, 368.3766 us/op
WorkloadResult  21: 2048 op, 699736400.00 ns, 341.6682 us/op
WorkloadResult  22: 2048 op, 708425400.00 ns, 345.9108 us/op
WorkloadResult  23: 2048 op, 715547000.00 ns, 349.3882 us/op
WorkloadResult  24: 2048 op, 787290500.00 ns, 384.4192 us/op
WorkloadResult  25: 2048 op, 803638200.00 ns, 392.4015 us/op
WorkloadResult  26: 2048 op, 783610900.00 ns, 382.6225 us/op
WorkloadResult  27: 2048 op, 748662200.00 ns, 365.5577 us/op
WorkloadResult  28: 2048 op, 737216500.00 ns, 359.9690 us/op
WorkloadResult  29: 2048 op, 767433800.00 ns, 374.7235 us/op
WorkloadResult  30: 2048 op, 778640800.00 ns, 380.1957 us/op
WorkloadResult  31: 2048 op, 754525800.00 ns, 368.4208 us/op
WorkloadResult  32: 2048 op, 723958000.00 ns, 353.4951 us/op
WorkloadResult  33: 2048 op, 738807400.00 ns, 360.7458 us/op
WorkloadResult  34: 2048 op, 769075600.00 ns, 375.5252 us/op
WorkloadResult  35: 2048 op, 721263000.00 ns, 352.1792 us/op
WorkloadResult  36: 2048 op, 771019800.00 ns, 376.4745 us/op
WorkloadResult  37: 2048 op, 819153600.00 ns, 399.9773 us/op
WorkloadResult  38: 2048 op, 837053300.00 ns, 408.7174 us/op
WorkloadResult  39: 2048 op, 838522600.00 ns, 409.4349 us/op
WorkloadResult  40: 2048 op, 764832400.00 ns, 373.4533 us/op
WorkloadResult  41: 2048 op, 737994200.00 ns, 360.3487 us/op
WorkloadResult  42: 2048 op, 762504800.00 ns, 372.3168 us/op
WorkloadResult  43: 2048 op, 905326900.00 ns, 442.0542 us/op
WorkloadResult  44: 2048 op, 875710800.00 ns, 427.5932 us/op
WorkloadResult  45: 2048 op, 823637700.00 ns, 402.1668 us/op
WorkloadResult  46: 2048 op, 825210000.00 ns, 402.9346 us/op
WorkloadResult  47: 2048 op, 802061100.00 ns, 391.6314 us/op
WorkloadResult  48: 2048 op, 779155100.00 ns, 380.4468 us/op
WorkloadResult  49: 2048 op, 751798800.00 ns, 367.0893 us/op
WorkloadResult  50: 2048 op, 769920100.00 ns, 375.9375 us/op
WorkloadResult  51: 2048 op, 779170700.00 ns, 380.4544 us/op
WorkloadResult  52: 2048 op, 754589100.00 ns, 368.4517 us/op
WorkloadResult  53: 2048 op, 751447900.00 ns, 366.9179 us/op
WorkloadResult  54: 2048 op, 774255500.00 ns, 378.0544 us/op
WorkloadResult  55: 2048 op, 830670100.00 ns, 405.6006 us/op
WorkloadResult  56: 2048 op, 825881900.00 ns, 403.2626 us/op
WorkloadResult  57: 2048 op, 843683200.00 ns, 411.9547 us/op
WorkloadResult  58: 2048 op, 816474900.00 ns, 398.6694 us/op
WorkloadResult  59: 2048 op, 779345200.00 ns, 380.5396 us/op
WorkloadResult  60: 2048 op, 775026100.00 ns, 378.4307 us/op
WorkloadResult  61: 2048 op, 753957900.00 ns, 368.1435 us/op
WorkloadResult  62: 2048 op, 901876100.00 ns, 440.3692 us/op
WorkloadResult  63: 2048 op, 794279900.00 ns, 387.8320 us/op
WorkloadResult  64: 2048 op, 825988700.00 ns, 403.3148 us/op
WorkloadResult  65: 2048 op, 744684700.00 ns, 363.6156 us/op
WorkloadResult  66: 2048 op, 727817200.00 ns, 355.3795 us/op
WorkloadResult  67: 2048 op, 798003000.00 ns, 389.6499 us/op
WorkloadResult  68: 2048 op, 707807500.00 ns, 345.6091 us/op
WorkloadResult  69: 2048 op, 715062600.00 ns, 349.1517 us/op
WorkloadResult  70: 2048 op, 696183100.00 ns, 339.9332 us/op
WorkloadResult  71: 2048 op, 716025600.00 ns, 349.6219 us/op
WorkloadResult  72: 2048 op, 755533900.00 ns, 368.9130 us/op
WorkloadResult  73: 2048 op, 706766500.00 ns, 345.1008 us/op
WorkloadResult  74: 2048 op, 723930200.00 ns, 353.4815 us/op
WorkloadResult  75: 2048 op, 753416600.00 ns, 367.8792 us/op
WorkloadResult  76: 2048 op, 696619500.00 ns, 340.1462 us/op
WorkloadResult  77: 2048 op, 709120300.00 ns, 346.2501 us/op
WorkloadResult  78: 2048 op, 770275300.00 ns, 376.1110 us/op
WorkloadResult  79: 2048 op, 749670900.00 ns, 366.0502 us/op
WorkloadResult  80: 2048 op, 716888900.00 ns, 350.0434 us/op
WorkloadResult  81: 2048 op, 833271500.00 ns, 406.8708 us/op
WorkloadResult  82: 2048 op, 782984400.00 ns, 382.3166 us/op
WorkloadResult  83: 2048 op, 716078800.00 ns, 349.6479 us/op
WorkloadResult  84: 2048 op, 828526600.00 ns, 404.5540 us/op
WorkloadResult  85: 2048 op, 833066100.00 ns, 406.7706 us/op
WorkloadResult  86: 2048 op, 922538300.00 ns, 450.4582 us/op
WorkloadResult  87: 2048 op, 858147000.00 ns, 419.0171 us/op
WorkloadResult  88: 2048 op, 867575300.00 ns, 423.6208 us/op
WorkloadResult  89: 2048 op, 842704600.00 ns, 411.4769 us/op
WorkloadResult  90: 2048 op, 824499400.00 ns, 402.5876 us/op
WorkloadResult  91: 2048 op, 807032800.00 ns, 394.0590 us/op
WorkloadResult  92: 2048 op, 784055200.00 ns, 382.8395 us/op
WorkloadResult  93: 2048 op, 825222500.00 ns, 402.9407 us/op
WorkloadResult  94: 2048 op, 891081800.00 ns, 435.0985 us/op
WorkloadResult  95: 2048 op, 820209100.00 ns, 400.4927 us/op
WorkloadResult  96: 2048 op, 913029100.00 ns, 445.8150 us/op
WorkloadResult  97: 2048 op, 869618700.00 ns, 424.6185 us/op
// GC:  6 0 0 83060064 2048
// Threading:  4355 1 2048


Mean = 383.286 us, StdErr = 2.708 us (0.71%), N = 97, StdDev = 26.672 us
Min = 338.908 us, Q1 = 365.769 us, Median = 380.447 us, Q3 = 402.588 us, Max = 450.458 us
IQR = 36.818 us, LowerFence = 310.541 us, UpperFence = 457.815 us
ConfidenceInterval = [374.092 us; 392.479 us] (CI 99.9%), Margin = 9.194 us (2.40% of Mean)
Skewness = 0.48, Kurtosis = 2.67, MValue = 3.21

// ** Remained 0 (0.0%) benchmark(s) to run. Estimated finish 2026-10-06 15:47 (0h 0m from now) **
Successfully reverted power plan (GUID: 8c5e7fda-e8bf-4a96-9a85-a6e23a8c635c FriendlyName: High performance)
// ***** BenchmarkRunner: Finish  *****

// * Export *
  followers-fast\20261006-154243\FollowerLeases-report.csv
  followers-fast\20261006-154243\FollowerLeases-report-github.md
  followers-fast\20261006-154243\FollowerLeases-report.html

// * Detailed results *
FollowerLeases.PerPage: Job-GCAGOG(Toolchain=InProcessEmitToolchain, UnrollFactor=1) [PageSize=1, ConsumerDelayMilliseconds=0]
Runtime = ; GC = 
Mean = 19.505 ms, StdErr = 0.087 ms (0.45%), N = 14, StdDev = 0.326 ms
Min = 19.005 ms, Q1 = 19.218 ms, Median = 19.601 ms, Q3 = 19.750 ms, Max = 20.053 ms
IQR = 0.532 ms, LowerFence = 18.420 ms, UpperFence = 20.547 ms
ConfidenceInterval = [19.137 ms; 19.873 ms] (CI 99.9%), Margin = 0.368 ms (1.89% of Mean)
Skewness = -0.21, Kurtosis = 1.65, MValue = 2
-------------------- Histogram --------------------
[18.963 ms ; 19.457 ms) | @@@@@
[19.457 ms ; 20.231 ms) | @@@@@@@@@
---------------------------------------------------

FollowerLeases.PersistentPrototype: Job-GCAGOG(Toolchain=InProcessEmitToolchain, UnrollFactor=1) [PageSize=1, ConsumerDelayMilliseconds=0]
Runtime = ; GC = 
Mean = 19.978 ms, StdErr = 0.093 ms (0.47%), N = 17, StdDev = 0.384 ms
Min = 19.517 ms, Q1 = 19.707 ms, Median = 19.809 ms, Q3 = 20.299 ms, Max = 20.818 ms
IQR = 0.592 ms, LowerFence = 18.818 ms, UpperFence = 21.188 ms
ConfidenceInterval = [19.604 ms; 20.352 ms] (CI 99.9%), Margin = 0.374 ms (1.87% of Mean)
Skewness = 0.76, Kurtosis = 2.26, MValue = 2
-------------------- Histogram --------------------
[19.513 ms ; 20.255 ms) | @@@@@@@@@@@@
[20.255 ms ; 21.014 ms) | @@@@@
---------------------------------------------------

FollowerLeases.PerPage: Job-GCAGOG(Toolchain=InProcessEmitToolchain, UnrollFactor=1) [PageSize=8, ConsumerDelayMilliseconds=0]
Runtime = ; GC = 
Mean = 2.604 ms, StdErr = 0.014 ms (0.54%), N = 28, StdDev = 0.074 ms
Min = 2.463 ms, Q1 = 2.555 ms, Median = 2.597 ms, Q3 = 2.654 ms, Max = 2.730 ms
IQR = 0.099 ms, LowerFence = 2.407 ms, UpperFence = 2.802 ms
ConfidenceInterval = [2.552 ms; 2.656 ms] (CI 99.9%), Margin = 0.052 ms (1.99% of Mean)
Skewness = 0.02, Kurtosis = 1.92, MValue = 2
-------------------- Histogram --------------------
[2.457 ms ; 2.531 ms) | @@@@
[2.531 ms ; 2.595 ms) | @@@@@@@@@@
[2.595 ms ; 2.682 ms) | @@@@@@@@@
[2.682 ms ; 2.747 ms) | @@@@@
---------------------------------------------------

FollowerLeases.PersistentPrototype: Job-GCAGOG(Toolchain=InProcessEmitToolchain, UnrollFactor=1) [PageSize=8, ConsumerDelayMilliseconds=0]
Runtime = ; GC = 
Mean = 2.656 ms, StdErr = 0.018 ms (0.67%), N = 88, StdDev = 0.167 ms
Min = 2.439 ms, Q1 = 2.540 ms, Median = 2.622 ms, Q3 = 2.697 ms, Max = 3.137 ms
IQR = 0.157 ms, LowerFence = 2.304 ms, UpperFence = 2.932 ms
ConfidenceInterval = [2.595 ms; 2.716 ms] (CI 99.9%), Margin = 0.061 ms (2.28% of Mean)
Skewness = 1.37, Kurtosis = 4.34, MValue = 2.13
-------------------- Histogram --------------------
[2.389 ms ; 2.463 ms) | @
[2.463 ms ; 2.565 ms) | @@@@@@@@@@@@@@@@@@@@@@@@@@@@
[2.565 ms ; 2.664 ms) | @@@@@@@@@@@@@@@@@@@@@@@@@@@@@@@@
[2.664 ms ; 2.772 ms) | @@@@@@@@@@@@
[2.772 ms ; 2.854 ms) | @@@
[2.854 ms ; 2.952 ms) | @@@@@@
[2.952 ms ; 3.045 ms) | 
[3.045 ms ; 3.143 ms) | @@@@@@
---------------------------------------------------

FollowerLeases.PerPage: Job-GCAGOG(Toolchain=InProcessEmitToolchain, UnrollFactor=1) [PageSize=64, ConsumerDelayMilliseconds=0]
Runtime = ; GC = 
Mean = 357.133 us, StdErr = 2.010 us (0.56%), N = 42, StdDev = 13.026 us
Min = 337.145 us, Q1 = 347.481 us, Median = 353.780 us, Q3 = 367.246 us, Max = 381.577 us
IQR = 19.766 us, LowerFence = 317.832 us, UpperFence = 396.895 us
ConfidenceInterval = [350.009 us; 364.256 us] (CI 99.9%), Margin = 7.123 us (1.99% of Mean)
Skewness = 0.39, Kurtosis = 1.94, MValue = 2.13
-------------------- Histogram --------------------
[335.477 us ; 344.648 us) | @@@@@@@@
[344.648 us ; 354.484 us) | @@@@@@@@@@@@@@@
[354.484 us ; 367.658 us) | @@@@@@@@@
[367.658 us ; 386.495 us) | @@@@@@@@@@
---------------------------------------------------

FollowerLeases.PersistentPrototype: Job-GCAGOG(Toolchain=InProcessEmitToolchain, UnrollFactor=1) [PageSize=64, ConsumerDelayMilliseconds=0]
Runtime = ; GC = 
Mean = 383.286 us, StdErr = 2.708 us (0.71%), N = 97, StdDev = 26.672 us
Min = 338.908 us, Q1 = 365.769 us, Median = 380.447 us, Q3 = 402.588 us, Max = 450.458 us
IQR = 36.818 us, LowerFence = 310.541 us, UpperFence = 457.815 us
ConfidenceInterval = [374.092 us; 392.479 us] (CI 99.9%), Margin = 9.194 us (2.40% of Mean)
Skewness = 0.48, Kurtosis = 2.67, MValue = 3.21
-------------------- Histogram --------------------
[338.583 us ; 353.821 us) | @@@@@@@@@@@@@@@@
[353.821 us ; 365.430 us) | @@@@@@@
[365.430 us ; 380.668 us) | @@@@@@@@@@@@@@@@@@@@@@@@@@@@
[380.668 us ; 391.727 us) | @@@@@@@@@@@@
[391.727 us ; 406.965 us) | @@@@@@@@@@@@@@@@@@
[406.965 us ; 423.788 us) | @@@@@@@@
[423.788 us ; 437.795 us) | @@@
[437.795 us ; 453.033 us) | @@@@@
---------------------------------------------------

// * Summary *

BenchmarkDotNet v0.15.8, Windows 11 (10.0.26200.9550/25H2/2025Update/HudsonValley2)
12th Gen Intel Core i7-12700K 3.60GHz, 1 CPU, 20 logical and 12 physical cores
.NET SDK 10.0.401
  [Host] : .NET 10.0.12 (10.0.12, 10.0.1226.42308), X64 RyuJIT x86-64-v3

Toolchain=InProcessEmitToolchain  UnrollFactor=1  

| Method              | PageSize | ConsumerDelayMilliseconds | Mean        | Error     | StdDev    | Ratio | RatioSD | Gen0   | Allocated | Alloc Ratio |
|-------------------- |--------- |-------------------------- |------------:|----------:|----------:|------:|--------:|-------:|----------:|------------:|
| PerPage             | 1        | 0                         | 19,505.1 us | 368.16 us | 326.37 us |  1.00 |    0.02 |      - | 187.95 KB |        1.00 |
| PersistentPrototype | 1        | 0                         | 19,977.6 us | 373.98 us | 384.05 us |  1.02 |    0.03 |      - | 188.34 KB |        1.00 |
|                     |          |                           |             |           |           |       |         |        |           |             |
| PerPage             | 8        | 0                         |  2,604.0 us |  51.73 us |  74.18 us |  1.00 |    0.04 | 3.9063 |  55.85 KB |        1.00 |
| PersistentPrototype | 8        | 0                         |  2,655.7 us |  60.55 us | 166.76 us |  1.02 |    0.07 | 3.9063 |  56.03 KB |        1.00 |
|                     |          |                           |             |           |           |       |         |        |           |             |
| PerPage             | 64       | 0                         |    357.1 us |   7.12 us |  13.03 us |  1.00 |    0.05 | 2.9297 |  39.31 KB |        1.00 |
| PersistentPrototype | 64       | 0                         |    383.3 us |   9.19 us |  26.67 us |  1.07 |    0.08 | 2.9297 |  39.61 KB |        1.01 |

// * Warnings *
MultimodalDistribution
  FollowerLeases.PersistentPrototype: Toolchain=InProcessEmitToolchain, UnrollFactor=1 -> It seems that the distribution is bimodal (mValue = 3.21)

// * Hints *
Outliers
  FollowerLeases.PerPage: Toolchain=InProcessEmitToolchain, UnrollFactor=1             -> 3 outliers were removed (20.82 ms..23.04 ms)
  FollowerLeases.PerPage: Toolchain=InProcessEmitToolchain, UnrollFactor=1             -> 1 outlier  was  removed (2.84 ms)
  FollowerLeases.PersistentPrototype: Toolchain=InProcessEmitToolchain, UnrollFactor=1 -> 12 outliers were removed (3.19 ms..5.39 ms)
  FollowerLeases.PersistentPrototype: Toolchain=InProcessEmitToolchain, UnrollFactor=1 -> 3 outliers were removed (463.81 us..590.93 us)

// * Legends *
  PageSize                  : Value of the 'PageSize' parameter
  ConsumerDelayMilliseconds : Value of the 'ConsumerDelayMilliseconds' parameter
  Mean                      : Arithmetic mean of all measurements
  Error                     : Half of 99.9% confidence interval
  StdDev                    : Standard deviation of all measurements
  Ratio                     : Mean of the ratio distribution ([Current]/[Baseline])
  RatioSD                   : Standard deviation of the ratio distribution ([Current]/[Baseline])
  Gen0                      : GC Generation 0 collects per 1000 operations
  Allocated                 : Allocated memory per single operation (managed only, inclusive, 1KB = 1024B)
  Alloc Ratio               : Allocated memory ratio distribution ([Current]/[Baseline])
  1 us                      : 1 Microsecond (0.000001 sec)

// * Diagnostic Output - MemoryDiagnoser *


// ***** BenchmarkRunner: End *****
Run time: 00:04:43 (283.37 sec), executed benchmarks: 6

Global total time: 00:04:43 (283.98 sec), executed benchmarks: 6
// * Artifacts cleanup *
Artifacts cleanup is finished
