// Validating benchmarks:
// ***** BenchmarkRunner: Start   *****
// ***** Found 2 benchmark(s) in total *****
// ***** Building 1 exe(s) in Parallel: Start   *****
// ***** Done, took 00:00:00 (0.03 sec)   *****
// Found 2 benchmarks:
//   PoolBookkeeping.PerPageRentReturn: Job-JWQWGO(Toolchain=InProcessEmitToolchain)
//   PoolBookkeeping.RetainedLeaseCheck: Job-JWQWGO(Toolchain=InProcessEmitToolchain)

Setup power plan (GUID: 8c5e7fda-e8bf-4a96-9a85-a6e23a8c635c FriendlyName: High performance)
// **************************
// Benchmark: PoolBookkeeping.PerPageRentReturn: Job-JWQWGO(Toolchain=InProcessEmitToolchain)
// *** Execute ***
// Launch: 1 / 1

// Benchmark Process Environment Information:
// BenchmarkDotNet v0.15.8
// Runtime=.NET 10.0.12 (10.0.12, 10.0.1226.42308), X64 RyuJIT x86-64-v3
// GC=Concurrent Workstation
// HardwareIntrinsics=AVX2+BMI1+BMI2+F16C+FMA+LZCNT+MOVBE,AVX,SSE3+SSSE3+SSE4.1+SSE4.2+POPCNT,X86Base+SSE+SSE2,AES+PCLMUL,AvxVnni,SERIALIZE VectorSize=256
// Job: Job-JWQWGO(Toolchain=InProcessEmitToolchain)

OverheadJitting  1: 1 op, 164300.00 ns, 164.3000 us/op
WorkloadJitting  1: 1 op, 1967700.00 ns, 1.9677 ms/op

OverheadJitting  2: 16 op, 286800.00 ns, 17.9250 us/op
WorkloadJitting  2: 16 op, 296100.00 ns, 18.5063 us/op

WorkloadPilot    1: 16 op, 7700.00 ns, 481.2500 ns/op
WorkloadPilot    2: 32 op, 8900.00 ns, 278.1250 ns/op
WorkloadPilot    3: 64 op, 13200.00 ns, 206.2500 ns/op
WorkloadPilot    4: 128 op, 22500.00 ns, 175.7813 ns/op
WorkloadPilot    5: 256 op, 40500.00 ns, 158.2031 ns/op
WorkloadPilot    6: 512 op, 85800.00 ns, 167.5781 ns/op
WorkloadPilot    7: 1024 op, 161500.00 ns, 157.7148 ns/op
WorkloadPilot    8: 2048 op, 297500.00 ns, 145.2637 ns/op
WorkloadPilot    9: 4096 op, 588300.00 ns, 143.6279 ns/op
WorkloadPilot   10: 8192 op, 1682500.00 ns, 205.3833 ns/op
WorkloadPilot   11: 16384 op, 2776700.00 ns, 169.4763 ns/op
WorkloadPilot   12: 32768 op, 5006500.00 ns, 152.7863 ns/op
WorkloadPilot   13: 65536 op, 9240800.00 ns, 141.0034 ns/op
WorkloadPilot   14: 131072 op, 17686400.00 ns, 134.9365 ns/op
WorkloadPilot   15: 262144 op, 34442800.00 ns, 131.3889 ns/op
WorkloadPilot   16: 524288 op, 67775000.00 ns, 129.2706 ns/op
WorkloadPilot   17: 1048576 op, 67528000.00 ns, 64.3997 ns/op
WorkloadPilot   18: 2097152 op, 82512100.00 ns, 39.3448 ns/op
WorkloadPilot   19: 4194304 op, 164717800.00 ns, 39.2718 ns/op
WorkloadPilot   20: 8388608 op, 331588500.00 ns, 39.5284 ns/op
WorkloadPilot   21: 16777216 op, 663788100.00 ns, 39.5649 ns/op

OverheadWarmup   1: 16777216 op, 20245300.00 ns, 1.2067 ns/op
OverheadWarmup   2: 16777216 op, 20242000.00 ns, 1.2065 ns/op
OverheadWarmup   3: 16777216 op, 20253000.00 ns, 1.2072 ns/op
OverheadWarmup   4: 16777216 op, 20186800.00 ns, 1.2032 ns/op
OverheadWarmup   5: 16777216 op, 20190900.00 ns, 1.2035 ns/op
OverheadWarmup   6: 16777216 op, 20660800.00 ns, 1.2315 ns/op
OverheadWarmup   7: 16777216 op, 20166600.00 ns, 1.2020 ns/op

OverheadActual   1: 16777216 op, 20172100.00 ns, 1.2024 ns/op
OverheadActual   2: 16777216 op, 20194300.00 ns, 1.2037 ns/op
OverheadActual   3: 16777216 op, 20282300.00 ns, 1.2089 ns/op
OverheadActual   4: 16777216 op, 20318600.00 ns, 1.2111 ns/op
OverheadActual   5: 16777216 op, 20280500.00 ns, 1.2088 ns/op
OverheadActual   6: 16777216 op, 20335700.00 ns, 1.2121 ns/op
OverheadActual   7: 16777216 op, 20261300.00 ns, 1.2077 ns/op
OverheadActual   8: 16777216 op, 20290800.00 ns, 1.2094 ns/op
OverheadActual   9: 16777216 op, 21128500.00 ns, 1.2594 ns/op
OverheadActual  10: 16777216 op, 21390700.00 ns, 1.2750 ns/op
OverheadActual  11: 16777216 op, 21249100.00 ns, 1.2665 ns/op
OverheadActual  12: 16777216 op, 20735100.00 ns, 1.2359 ns/op
OverheadActual  13: 16777216 op, 20831500.00 ns, 1.2417 ns/op
OverheadActual  14: 16777216 op, 20931100.00 ns, 1.2476 ns/op
OverheadActual  15: 16777216 op, 21107700.00 ns, 1.2581 ns/op

WorkloadWarmup   1: 16777216 op, 668476000.00 ns, 39.8443 ns/op
WorkloadWarmup   2: 16777216 op, 664342600.00 ns, 39.5979 ns/op
WorkloadWarmup   3: 16777216 op, 664073700.00 ns, 39.5819 ns/op
WorkloadWarmup   4: 16777216 op, 669849800.00 ns, 39.9262 ns/op
WorkloadWarmup   5: 16777216 op, 675557100.00 ns, 40.2663 ns/op
WorkloadWarmup   6: 16777216 op, 677103100.00 ns, 40.3585 ns/op
WorkloadWarmup   7: 16777216 op, 675801300.00 ns, 40.2809 ns/op
WorkloadWarmup   8: 16777216 op, 677868100.00 ns, 40.4041 ns/op
WorkloadWarmup   9: 16777216 op, 687782100.00 ns, 40.9950 ns/op
WorkloadWarmup  10: 16777216 op, 669552300.00 ns, 39.9084 ns/op

WorkloadActual   1: 16777216 op, 664827600.00 ns, 39.6268 ns/op
WorkloadActual   2: 16777216 op, 667019400.00 ns, 39.7575 ns/op
WorkloadActual   3: 16777216 op, 659199900.00 ns, 39.2914 ns/op
WorkloadActual   4: 16777216 op, 666635900.00 ns, 39.7346 ns/op
WorkloadActual   5: 16777216 op, 670518900.00 ns, 39.9660 ns/op
WorkloadActual   6: 16777216 op, 662647900.00 ns, 39.4969 ns/op
WorkloadActual   7: 16777216 op, 661873000.00 ns, 39.4507 ns/op
WorkloadActual   8: 16777216 op, 660525700.00 ns, 39.3704 ns/op
WorkloadActual   9: 16777216 op, 660357700.00 ns, 39.3604 ns/op
WorkloadActual  10: 16777216 op, 660368500.00 ns, 39.3610 ns/op
WorkloadActual  11: 16777216 op, 670290300.00 ns, 39.9524 ns/op
WorkloadActual  12: 16777216 op, 669445400.00 ns, 39.9021 ns/op
WorkloadActual  13: 16777216 op, 669513600.00 ns, 39.9061 ns/op
WorkloadActual  14: 16777216 op, 669015800.00 ns, 39.8764 ns/op
WorkloadActual  15: 16777216 op, 657097900.00 ns, 39.1661 ns/op

WorkloadResult   1: 16777216 op, 644491900.00 ns, 38.4147 ns/op
WorkloadResult   2: 16777216 op, 646683700.00 ns, 38.5454 ns/op
WorkloadResult   3: 16777216 op, 638864200.00 ns, 38.0793 ns/op
WorkloadResult   4: 16777216 op, 646300200.00 ns, 38.5225 ns/op
WorkloadResult   5: 16777216 op, 650183200.00 ns, 38.7539 ns/op
WorkloadResult   6: 16777216 op, 642312200.00 ns, 38.2848 ns/op
WorkloadResult   7: 16777216 op, 641537300.00 ns, 38.2386 ns/op
WorkloadResult   8: 16777216 op, 640190000.00 ns, 38.1583 ns/op
WorkloadResult   9: 16777216 op, 640022000.00 ns, 38.1483 ns/op
WorkloadResult  10: 16777216 op, 640032800.00 ns, 38.1489 ns/op
WorkloadResult  11: 16777216 op, 649954600.00 ns, 38.7403 ns/op
WorkloadResult  12: 16777216 op, 649109700.00 ns, 38.6900 ns/op
WorkloadResult  13: 16777216 op, 649177900.00 ns, 38.6940 ns/op
WorkloadResult  14: 16777216 op, 648680100.00 ns, 38.6643 ns/op
WorkloadResult  15: 16777216 op, 636762200.00 ns, 37.9540 ns/op
// GC:  0 0 0 616 16777216
// Threading:  4 0 16777216


Mean = 38.402 ns, StdErr = 0.070 ns (0.18%), N = 15, StdDev = 0.273 ns
Min = 37.954 ns, Q1 = 38.154 ns, Median = 38.415 ns, Q3 = 38.677 ns, Max = 38.754 ns
IQR = 0.524 ns, LowerFence = 37.368 ns, UpperFence = 39.462 ns
ConfidenceInterval = [38.111 ns; 38.694 ns] (CI 99.9%), Margin = 0.292 ns (0.76% of Mean)
Skewness = -0.08, Kurtosis = 1.34, MValue = 2

// ** Remained 1 (50.0%) benchmark(s) to run. Estimated finish 2026-10-06 15:53 (0h 0m from now) **
Setup power plan (GUID: 8c5e7fda-e8bf-4a96-9a85-a6e23a8c635c FriendlyName: High performance)
// **************************
// Benchmark: PoolBookkeeping.RetainedLeaseCheck: Job-JWQWGO(Toolchain=InProcessEmitToolchain)
// *** Execute ***
// Launch: 1 / 1

// Benchmark Process Environment Information:
// BenchmarkDotNet v0.15.8
// Runtime=.NET 10.0.12 (10.0.12, 10.0.1226.42308), X64 RyuJIT x86-64-v3
// GC=Concurrent Workstation
// HardwareIntrinsics=AVX2+BMI1+BMI2+F16C+FMA+LZCNT+MOVBE,AVX,SSE3+SSSE3+SSE4.1+SSE4.2+POPCNT,X86Base+SSE+SSE2,AES+PCLMUL,AvxVnni,SERIALIZE VectorSize=256
// Job: Job-JWQWGO(Toolchain=InProcessEmitToolchain)

OverheadJitting  1: 1 op, 199700.00 ns, 199.7000 us/op
WorkloadJitting  1: 1 op, 336300.00 ns, 336.3000 us/op

OverheadJitting  2: 16 op, 334600.00 ns, 20.9125 us/op
WorkloadJitting  2: 16 op, 307800.00 ns, 19.2375 us/op

WorkloadPilot    1: 16 op, 3700.00 ns, 231.2500 ns/op
WorkloadPilot    2: 32 op, 1400.00 ns, 43.7500 ns/op
WorkloadPilot    3: 64 op, 2500.00 ns, 39.0625 ns/op
WorkloadPilot    4: 128 op, 2900.00 ns, 22.6563 ns/op
WorkloadPilot    5: 256 op, 4900.00 ns, 19.1406 ns/op
WorkloadPilot    6: 512 op, 8700.00 ns, 16.9922 ns/op
WorkloadPilot    7: 1024 op, 16700.00 ns, 16.3086 ns/op
WorkloadPilot    8: 2048 op, 32200.00 ns, 15.7227 ns/op
WorkloadPilot    9: 4096 op, 63800.00 ns, 15.5762 ns/op
WorkloadPilot   10: 8192 op, 126500.00 ns, 15.4419 ns/op
WorkloadPilot   11: 16384 op, 256300.00 ns, 15.6433 ns/op
WorkloadPilot   12: 32768 op, 514000.00 ns, 15.6860 ns/op
WorkloadPilot   13: 65536 op, 1005300.00 ns, 15.3397 ns/op
WorkloadPilot   14: 131072 op, 2137700.00 ns, 16.3094 ns/op
WorkloadPilot   15: 262144 op, 4121100.00 ns, 15.7207 ns/op
WorkloadPilot   16: 524288 op, 8165500.00 ns, 15.5745 ns/op
WorkloadPilot   17: 1048576 op, 16437700.00 ns, 15.6762 ns/op
WorkloadPilot   18: 2097152 op, 33401800.00 ns, 15.9272 ns/op
WorkloadPilot   19: 4194304 op, 64879200.00 ns, 15.4684 ns/op
WorkloadPilot   20: 8388608 op, 121243700.00 ns, 14.4534 ns/op
WorkloadPilot   21: 16777216 op, 220130700.00 ns, 13.1208 ns/op
WorkloadPilot   22: 33554432 op, 428242100.00 ns, 12.7626 ns/op
WorkloadPilot   23: 67108864 op, 862406900.00 ns, 12.8509 ns/op

OverheadWarmup   1: 67108864 op, 79231800.00 ns, 1.1806 ns/op
OverheadWarmup   2: 67108864 op, 78691900.00 ns, 1.1726 ns/op
OverheadWarmup   3: 67108864 op, 80478400.00 ns, 1.1992 ns/op
OverheadWarmup   4: 67108864 op, 79254000.00 ns, 1.1810 ns/op
OverheadWarmup   5: 67108864 op, 79292900.00 ns, 1.1816 ns/op
OverheadWarmup   6: 67108864 op, 80692700.00 ns, 1.2024 ns/op
OverheadWarmup   7: 67108864 op, 79827400.00 ns, 1.1895 ns/op

OverheadActual   1: 67108864 op, 80308200.00 ns, 1.1967 ns/op
OverheadActual   2: 67108864 op, 80067200.00 ns, 1.1931 ns/op
OverheadActual   3: 67108864 op, 80051500.00 ns, 1.1929 ns/op
OverheadActual   4: 67108864 op, 79996600.00 ns, 1.1920 ns/op
OverheadActual   5: 67108864 op, 79223700.00 ns, 1.1805 ns/op
OverheadActual   6: 67108864 op, 79808400.00 ns, 1.1892 ns/op
OverheadActual   7: 67108864 op, 79274200.00 ns, 1.1813 ns/op
OverheadActual   8: 67108864 op, 79257200.00 ns, 1.1810 ns/op
OverheadActual   9: 67108864 op, 79125800.00 ns, 1.1791 ns/op
OverheadActual  10: 67108864 op, 79349900.00 ns, 1.1824 ns/op
OverheadActual  11: 67108864 op, 79913600.00 ns, 1.1908 ns/op
OverheadActual  12: 67108864 op, 79897300.00 ns, 1.1906 ns/op
OverheadActual  13: 67108864 op, 80606000.00 ns, 1.2011 ns/op
OverheadActual  14: 67108864 op, 79182700.00 ns, 1.1799 ns/op
OverheadActual  15: 67108864 op, 79276400.00 ns, 1.1813 ns/op

WorkloadWarmup   1: 67108864 op, 857417300.00 ns, 12.7765 ns/op
WorkloadWarmup   2: 67108864 op, 857288100.00 ns, 12.7746 ns/op
WorkloadWarmup   3: 67108864 op, 856126800.00 ns, 12.7573 ns/op
WorkloadWarmup   4: 67108864 op, 863202100.00 ns, 12.8627 ns/op
WorkloadWarmup   5: 67108864 op, 866868600.00 ns, 12.9173 ns/op
WorkloadWarmup   6: 67108864 op, 855647800.00 ns, 12.7501 ns/op
WorkloadWarmup   7: 67108864 op, 857966000.00 ns, 12.7847 ns/op
WorkloadWarmup   8: 67108864 op, 864306500.00 ns, 12.8792 ns/op
WorkloadWarmup   9: 67108864 op, 857842500.00 ns, 12.7828 ns/op

WorkloadActual   1: 67108864 op, 864018500.00 ns, 12.8749 ns/op
WorkloadActual   2: 67108864 op, 860593800.00 ns, 12.8238 ns/op
WorkloadActual   3: 67108864 op, 862565800.00 ns, 12.8532 ns/op
WorkloadActual   4: 67108864 op, 859875400.00 ns, 12.8131 ns/op
WorkloadActual   5: 67108864 op, 862723300.00 ns, 12.8556 ns/op
WorkloadActual   6: 67108864 op, 863782700.00 ns, 12.8714 ns/op
WorkloadActual   7: 67108864 op, 858012500.00 ns, 12.7854 ns/op
WorkloadActual   8: 67108864 op, 859268400.00 ns, 12.8041 ns/op
WorkloadActual   9: 67108864 op, 859932200.00 ns, 12.8140 ns/op
WorkloadActual  10: 67108864 op, 861227100.00 ns, 12.8333 ns/op
WorkloadActual  11: 67108864 op, 868986800.00 ns, 12.9489 ns/op
WorkloadActual  12: 67108864 op, 873615600.00 ns, 13.0179 ns/op
WorkloadActual  13: 67108864 op, 881502000.00 ns, 13.1354 ns/op
WorkloadActual  14: 67108864 op, 880227000.00 ns, 13.1164 ns/op
WorkloadActual  15: 67108864 op, 883040500.00 ns, 13.1583 ns/op

WorkloadResult   1: 67108864 op, 784210100.00 ns, 11.6856 ns/op
WorkloadResult   2: 67108864 op, 780785400.00 ns, 11.6346 ns/op
WorkloadResult   3: 67108864 op, 782757400.00 ns, 11.6640 ns/op
WorkloadResult   4: 67108864 op, 780067000.00 ns, 11.6239 ns/op
WorkloadResult   5: 67108864 op, 782914900.00 ns, 11.6663 ns/op
WorkloadResult   6: 67108864 op, 783974300.00 ns, 11.6821 ns/op
WorkloadResult   7: 67108864 op, 778204100.00 ns, 11.5961 ns/op
WorkloadResult   8: 67108864 op, 779460000.00 ns, 11.6149 ns/op
WorkloadResult   9: 67108864 op, 780123800.00 ns, 11.6248 ns/op
WorkloadResult  10: 67108864 op, 781418700.00 ns, 11.6440 ns/op
WorkloadResult  11: 67108864 op, 789178400.00 ns, 11.7597 ns/op
WorkloadResult  12: 67108864 op, 793807200.00 ns, 11.8286 ns/op
WorkloadResult  13: 67108864 op, 801693600.00 ns, 11.9462 ns/op
WorkloadResult  14: 67108864 op, 800418600.00 ns, 11.9272 ns/op
WorkloadResult  15: 67108864 op, 803232100.00 ns, 11.9691 ns/op
// GC:  0 0 0 2248 67108864
// Threading:  4 0 67108864


Mean = 11.724 ns, StdErr = 0.033 ns (0.29%), N = 15, StdDev = 0.130 ns
Min = 11.596 ns, Q1 = 11.630 ns, Median = 11.666 ns, Q3 = 11.794 ns, Max = 11.969 ns
IQR = 0.164 ns, LowerFence = 11.383 ns, UpperFence = 12.041 ns
ConfidenceInterval = [11.586 ns; 11.863 ns] (CI 99.9%), Margin = 0.139 ns (1.18% of Mean)
Skewness = 0.85, Kurtosis = 2.01, MValue = 2

// ** Remained 0 (0.0%) benchmark(s) to run. Estimated finish 2026-10-06 15:53 (0h 0m from now) **
Successfully reverted power plan (GUID: 8c5e7fda-e8bf-4a96-9a85-a6e23a8c635c FriendlyName: High performance)
// ***** BenchmarkRunner: Finish  *****

// * Export *
  pool-final\20261006-155234\PoolBookkeeping-report.csv
  pool-final\20261006-155234\PoolBookkeeping-report-github.md
  pool-final\20261006-155234\PoolBookkeeping-report.html

// * Detailed results *
PoolBookkeeping.PerPageRentReturn: Job-JWQWGO(Toolchain=InProcessEmitToolchain)
Runtime = ; GC = 
Mean = 38.402 ns, StdErr = 0.070 ns (0.18%), N = 15, StdDev = 0.273 ns
Min = 37.954 ns, Q1 = 38.154 ns, Median = 38.415 ns, Q3 = 38.677 ns, Max = 38.754 ns
IQR = 0.524 ns, LowerFence = 37.368 ns, UpperFence = 39.462 ns
ConfidenceInterval = [38.111 ns; 38.694 ns] (CI 99.9%), Margin = 0.292 ns (0.76% of Mean)
Skewness = -0.08, Kurtosis = 1.34, MValue = 2
-------------------- Histogram --------------------
[37.809 ns ; 38.899 ns) | @@@@@@@@@@@@@@@
---------------------------------------------------

PoolBookkeeping.RetainedLeaseCheck: Job-JWQWGO(Toolchain=InProcessEmitToolchain)
Runtime = ; GC = 
Mean = 11.724 ns, StdErr = 0.033 ns (0.29%), N = 15, StdDev = 0.130 ns
Min = 11.596 ns, Q1 = 11.630 ns, Median = 11.666 ns, Q3 = 11.794 ns, Max = 11.969 ns
IQR = 0.164 ns, LowerFence = 11.383 ns, UpperFence = 12.041 ns
ConfidenceInterval = [11.586 ns; 11.863 ns] (CI 99.9%), Margin = 0.139 ns (1.18% of Mean)
Skewness = 0.85, Kurtosis = 2.01, MValue = 2
-------------------- Histogram --------------------
[11.527 ns ; 12.038 ns) | @@@@@@@@@@@@@@@
---------------------------------------------------

// * Summary *

BenchmarkDotNet v0.15.8, Windows 11 (10.0.26200.9550/25H2/2025Update/HudsonValley2)
12th Gen Intel Core i7-12700K 3.60GHz, 1 CPU, 20 logical and 12 physical cores
.NET SDK 10.0.401
  [Host] : .NET 10.0.12 (10.0.12, 10.0.1226.42308), X64 RyuJIT x86-64-v3

Toolchain=InProcessEmitToolchain  

| Method             | Mean     | Error    | StdDev   | Ratio | Allocated | Alloc Ratio |
|------------------- |---------:|---------:|---------:|------:|----------:|------------:|
| PerPageRentReturn  | 38.40 ns | 0.292 ns | 0.273 ns |  1.00 |         - |          NA |
| RetainedLeaseCheck | 11.72 ns | 0.139 ns | 0.130 ns |  0.31 |         - |          NA |

// * Legends *
  Mean        : Arithmetic mean of all measurements
  Error       : Half of 99.9% confidence interval
  StdDev      : Standard deviation of all measurements
  Ratio       : Mean of the ratio distribution ([Current]/[Baseline])
  Allocated   : Allocated memory per single operation (managed only, inclusive, 1KB = 1024B)
  Alloc Ratio : Allocated memory ratio distribution ([Current]/[Baseline])
  1 ns        : 1 Nanosecond (0.000000001 sec)

// * Diagnostic Output - MemoryDiagnoser *


// ***** BenchmarkRunner: End *****
Run time: 00:00:45 (45.35 sec), executed benchmarks: 2

Global total time: 00:00:46 (46.71 sec), executed benchmarks: 2
// * Artifacts cleanup *
Artifacts cleanup is finished
